Archive member included to satisfy reference by file (symbol)

/opt/homebrew/Cellar/avr-gcc@9/9.3.0_3/lib/avr-gcc/9/gcc/avr/9.3.0/../../../../../../avr/lib/avr5/libm.a(fixsfsi.o)
                              .build/obj_kb_default/common/mousekey.o (__fixsfsi)
/opt/homebrew/Cellar/avr-gcc@9/9.3.0_3/lib/avr-gcc/9/gcc/avr/9.3.0/../../../../../../avr/lib/avr5/libm.a(fixunssfsi.o)
                              /opt/homebrew/Cellar/avr-gcc@9/9.3.0_3/lib/avr-gcc/9/gcc/avr/9.3.0/../../../../../../avr/lib/avr5/libm.a(fixsfsi.o) (__fixunssfsi)
/opt/homebrew/Cellar/avr-gcc@9/9.3.0_3/lib/avr-gcc/9/gcc/avr/9.3.0/../../../../../../avr/lib/avr5/libm.a(floatsisf.o)
                              .build/obj_kb_default/common/mousekey.o (__floatsisf)
/opt/homebrew/Cellar/avr-gcc@9/9.3.0_3/lib/avr-gcc/9/gcc/avr/9.3.0/../../../../../../avr/lib/avr5/libm.a(fp_split3.o)
                              /opt/homebrew/Cellar/avr-gcc@9/9.3.0_3/lib/avr-gcc/9/gcc/avr/9.3.0/../../../../../../avr/lib/avr5/libm.a(fixunssfsi.o) (__fp_splitA)
/opt/homebrew/Cellar/avr-gcc@9/9.3.0_3/lib/avr-gcc/9/gcc/avr/9.3.0/../../../../../../avr/lib/avr5/libm.a(fp_zero.o)
                              /opt/homebrew/Cellar/avr-gcc@9/9.3.0_3/lib/avr-gcc/9/gcc/avr/9.3.0/../../../../../../avr/lib/avr5/libm.a(fixunssfsi.o) (__fp_zero)
/opt/homebrew/Cellar/avr-gcc@9/9.3.0_3/lib/avr-gcc/9/gcc/avr/9.3.0/../../../../../../avr/lib/avr5/libm.a(mulsf3.o)
                              .build/obj_kb_default/common/mousekey.o (__mulsf3)
/opt/homebrew/Cellar/avr-gcc@9/9.3.0_3/lib/avr-gcc/9/gcc/avr/9.3.0/../../../../../../avr/lib/avr5/libm.a(mulsf3x.o)
                              /opt/homebrew/Cellar/avr-gcc@9/9.3.0_3/lib/avr-gcc/9/gcc/avr/9.3.0/../../../../../../avr/lib/avr5/libm.a(mulsf3.o) (__mulsf3x)
/opt/homebrew/Cellar/avr-gcc@9/9.3.0_3/lib/avr-gcc/9/gcc/avr/9.3.0/../../../../../../avr/lib/avr5/libm.a(fp_inf.o)
                              /opt/homebrew/Cellar/avr-gcc@9/9.3.0_3/lib/avr-gcc/9/gcc/avr/9.3.0/../../../../../../avr/lib/avr5/libm.a(mulsf3x.o) (__fp_inf)
/opt/homebrew/Cellar/avr-gcc@9/9.3.0_3/lib/avr-gcc/9/gcc/avr/9.3.0/../../../../../../avr/lib/avr5/libm.a(fp_nan.o)
                              /opt/homebrew/Cellar/avr-gcc@9/9.3.0_3/lib/avr-gcc/9/gcc/avr/9.3.0/../../../../../../avr/lib/avr5/libm.a(mulsf3x.o) (__fp_nan)
/opt/homebrew/Cellar/avr-gcc@9/9.3.0_3/lib/avr-gcc/9/gcc/avr/9.3.0/../../../../../../avr/lib/avr5/libm.a(fp_pscA.o)
                              /opt/homebrew/Cellar/avr-gcc@9/9.3.0_3/lib/avr-gcc/9/gcc/avr/9.3.0/../../../../../../avr/lib/avr5/libm.a(mulsf3x.o) (__fp_pscA)
/opt/homebrew/Cellar/avr-gcc@9/9.3.0_3/lib/avr-gcc/9/gcc/avr/9.3.0/../../../../../../avr/lib/avr5/libm.a(fp_pscB.o)
                              /opt/homebrew/Cellar/avr-gcc@9/9.3.0_3/lib/avr-gcc/9/gcc/avr/9.3.0/../../../../../../avr/lib/avr5/libm.a(mulsf3x.o) (__fp_pscB)
/opt/homebrew/Cellar/avr-gcc@9/9.3.0_3/lib/avr-gcc/9/gcc/avr/9.3.0/../../../../../../avr/lib/avr5/libm.a(fp_round.o)
                              /opt/homebrew/Cellar/avr-gcc@9/9.3.0_3/lib/avr-gcc/9/gcc/avr/9.3.0/../../../../../../avr/lib/avr5/libm.a(mulsf3.o) (__fp_round)
/opt/homebrew/Cellar/avr-gcc@9/9.3.0_3/lib/avr-gcc/9/gcc/avr/9.3.0/avr5/libgcc.a(_udivmodhi4.o)
                              .build/obj_kb_default/quantum/rgblight.o (__udivmodhi4)
/opt/homebrew/Cellar/avr-gcc@9/9.3.0_3/lib/avr-gcc/9/gcc/avr/9.3.0/avr5/libgcc.a(_divmodhi4.o)
                              .build/obj_kb_default/quantum/rgblight.o (__divmodhi4)
/opt/homebrew/Cellar/avr-gcc@9/9.3.0_3/lib/avr-gcc/9/gcc/avr/9.3.0/avr5/libgcc.a(_exit.o)
                              /opt/homebrew/Cellar/avr-gcc@9/9.3.0_3/lib/avr-gcc/9/gcc/avr/9.3.0/../../../../../../avr/lib/avr5/crtatmega32u4.o (exit)
/opt/homebrew/Cellar/avr-gcc@9/9.3.0_3/lib/avr-gcc/9/gcc/avr/9.3.0/avr5/libgcc.a(_tablejump2.o)
                              .build/obj_kb_default/quantum/quantum.o (__tablejump2__)
/opt/homebrew/Cellar/avr-gcc@9/9.3.0_3/lib/avr-gcc/9/gcc/avr/9.3.0/avr5/libgcc.a(_copy_data.o)
                              .build/obj_kb_default/keyboards/kb/keymaps/default/keymap.o (__do_copy_data)
/opt/homebrew/Cellar/avr-gcc@9/9.3.0_3/lib/avr-gcc/9/gcc/avr/9.3.0/avr5/libgcc.a(_clear_bss.o)
                              .build/obj_kb_default/quantum/quantum.o (__do_clear_bss)
/opt/homebrew/Cellar/avr-gcc@9/9.3.0_3/lib/avr-gcc/9/gcc/avr/9.3.0/avr5/libgcc.a(_popcounthi2.o)
                              .build/obj_kb_default/common/util.o (__popcounthi2)
/opt/homebrew/Cellar/avr-gcc@9/9.3.0_3/lib/avr-gcc/9/gcc/avr/9.3.0/avr5/libgcc.a(_popcountsi2.o)
                              .build/obj_kb_default/common/util.o (__popcountsi2)
/opt/homebrew/Cellar/avr-gcc@9/9.3.0_3/lib/avr-gcc/9/gcc/avr/9.3.0/avr5/libgcc.a(_popcountqi2.o)
                              /opt/homebrew/Cellar/avr-gcc@9/9.3.0_3/lib/avr-gcc/9/gcc/avr/9.3.0/avr5/libgcc.a(_popcounthi2.o) (__popcountqi2)
[...]
Memory Configuration

Name             Origin             Length             Attributes
text             0x0000000000000000 0x0000000000020000 xr
data             0x0000000000800060 0x000000000000ffa0 rw !x
eeprom           0x0000000000810000 0x0000000000010000 rw !x
fuse             0x0000000000820000 0x0000000000000400 rw !x
lock             0x0000000000830000 0x0000000000000400 rw !x
signature        0x0000000000840000 0x0000000000000400 rw !x
user_signatures  0x0000000000850000 0x0000000000000400 rw !x
*default*        0x0000000000000000 0xffffffffffffffff

Linker script and memory map

Address of section .data set to 0x800100
LOAD /opt/homebrew/Cellar/avr-gcc@9/9.3.0_3/lib/avr-gcc/9/gcc/avr/9.3.0/../../../../../../avr/lib/avr5/crtatmega32u4.o
LOAD .build/obj_kb_default/keyboards/kb/kb.o
LOAD .build/obj_kb_default/keyboards/kb/keymaps/default/keymap.o
LOAD .build/obj_kb_default/quantum/quantum.o
LOAD .build/obj_kb_default/quantum/keymap_common.o
LOAD .build/obj_kb_default/quantum/keycode_config.o
LOAD .build/obj_kb_default/quantum/process_keycode/process_leader.o
LOAD .build/obj_kb_default/quantum/matrix.o
LOAD .build/obj_kb_default/quantum/light_ws2812.o
LOAD .build/obj_kb_default/quantum/rgblight.o
LOAD .build/obj_kb_default/quantum/process_keycode/process_tap_dance.o
LOAD .build/obj_kb_default/common/host.o
LOAD .build/obj_kb_default/common/keyboard.o
LOAD .build/obj_kb_default/common/action.o
LOAD .build/obj_kb_default/common/action_tapping.o
LOAD .build/obj_kb_default/common/action_macro.o
LOAD .build/obj_kb_default/common/action_layer.o
LOAD .build/obj_kb_default/common/action_util.o
LOAD .build/obj_kb_default/common/print.o
LOAD .build/obj_kb_default/common/debug.o
LOAD .build/obj_kb_default/common/util.o
LOAD .build/obj_kb_default/common/eeconfig.o
LOAD .build/obj_kb_default/common/avr/suspend.o
LOAD .build/obj_kb_default/common/avr/timer.o
LOAD .build/obj_kb_default/common/avr/bootloader.o
LOAD .build/obj_kb_default/common/avr/xprintf.o
LOAD .build/obj_kb_default/common/bootmagic.o
LOAD .build/obj_kb_default/common/mousekey.o
LOAD .build/obj_kb_default/common/backlight.o
LOAD .build/obj_kb_default/lufa.o
LOAD .build/obj_kb_default/descriptor.o
LOAD .build/obj_kb_default/protocol/lufa/LUFA-git/LUFA/Drivers/USB/Class/Common/HIDParser.o
LOAD .build/obj_kb_default/protocol/lufa/LUFA-git/LUFA/Drivers/USB/Core/AVR8/Device_AVR8.o
LOAD .build/obj_kb_default/protocol/lufa/LUFA-git/LUFA/Drivers/USB/Core/AVR8/EndpointStream_AVR8.o
LOAD .build/obj_kb_default/protocol/lufa/LUFA-git/LUFA/Drivers/USB/Core/AVR8/Endpoint_AVR8.o
LOAD .build/obj_kb_default/protocol/lufa/LUFA-git/LUFA/Drivers/USB/Core/AVR8/Host_AVR8.o
LOAD .build/obj_kb_default/protocol/lufa/LUFA-git/LUFA/Drivers/USB/Core/AVR8/PipeStream_AVR8.o
LOAD .build/obj_kb_default/protocol/lufa/LUFA-git/LUFA/Drivers/USB/Core/AVR8/Pipe_AVR8.o
LOAD .build/obj_kb_default/protocol/lufa/LUFA-git/LUFA/Drivers/USB/Core/AVR8/USBController_AVR8.o
LOAD .build/obj_kb_default/protocol/lufa/LUFA-git/LUFA/Drivers/USB/Core/AVR8/USBInterrupt_AVR8.o
LOAD .build/obj_kb_default/protocol/lufa/LUFA-git/LUFA/Drivers/USB/Core/ConfigDescriptors.o
LOAD .build/obj_kb_default/protocol/lufa/LUFA-git/LUFA/Drivers/USB/Core/DeviceStandardReq.o
LOAD .build/obj_kb_default/protocol/lufa/LUFA-git/LUFA/Drivers/USB/Core/Events.o
LOAD .build/obj_kb_default/protocol/lufa/LUFA-git/LUFA/Drivers/USB/Core/HostStandardReq.o
LOAD .build/obj_kb_default/protocol/lufa/LUFA-git/LUFA/Drivers/USB/Core/USBTask.o
LOAD /opt/homebrew/Cellar/avr-gcc@9/9.3.0_3/lib/avr-gcc/9/gcc/avr/9.3.0/../../../../../../avr/lib/avr5/libm.a
START GROUP
LOAD /opt/homebrew/Cellar/avr-gcc@9/9.3.0_3/lib/avr-gcc/9/gcc/avr/9.3.0/avr5/libgcc.a
LOAD /opt/homebrew/Cellar/avr-gcc@9/9.3.0_3/lib/avr-gcc/9/gcc/avr/9.3.0/../../../../../../avr/lib/avr5/libm.a
LOAD /opt/homebrew/Cellar/avr-gcc@9/9.3.0_3/lib/avr-gcc/9/gcc/avr/9.3.0/../../../../../../avr/lib/avr5/libc.a
LOAD /opt/homebrew/Cellar/avr-gcc@9/9.3.0_3/lib/avr-gcc/9/gcc/avr/9.3.0/../../../../../../avr/lib/avr5/libatmega32u4.a
END GROUP
                0x0000000000020000                __TEXT_REGION_LENGTH__ = DEFINED (__TEXT_REGION_LENGTH__)?__TEXT_REGION_LENGTH__:0x20000
                0x000000000000ffa0                __DATA_REGION_LENGTH__ = DEFINED (__DATA_REGION_LENGTH__)?__DATA_REGION_LENGTH__:0xffa0
                0x0000000000010000                __EEPROM_REGION_LENGTH__ = DEFINED (__EEPROM_REGION_LENGTH__)?__EEPROM_REGION_LENGTH__:0x10000
                0x0000000000000400                __FUSE_REGION_LENGTH__ = DEFINED (__FUSE_REGION_LENGTH__)?__FUSE_REGION_LENGTH__:0x400
                0x0000000000000400                __LOCK_REGION_LENGTH__ = DEFINED (__LOCK_REGION_LENGTH__)?__LOCK_REGION_LENGTH__:0x400
                0x0000000000000400                __SIGNATURE_REGION_LENGTH__ = DEFINED (__SIGNATURE_REGION_LENGTH__)?__SIGNATURE_REGION_LENGTH__:0x400
                0x0000000000000400                __USER_SIGNATURE_REGION_LENGTH__ = DEFINED (__USER_SIGNATURE_REGION_LENGTH__)?__USER_SIGNATURE_REGION_LENGTH__:0x400

.hash
 *(.hash)

.dynsym
 *(.dynsym)

.dynstr
 *(.dynstr)

.gnu.version
 *(.gnu.version)

.gnu.version_d
 *(.gnu.version_d)

.gnu.version_r
 *(.gnu.version_r)

.rel.init
 *(.rel.init)

.rela.init
 *(.rela.init)

.rel.text
 *(.rel.text)
 *(.rel.text.*)
 *(.rel.gnu.linkonce.t*)

.rela.text
 *(.rela.text)
 *(.rela.text.*)
 *(.rela.gnu.linkonce.t*)

.rel.fini
 *(.rel.fini)

.rela.fini
 *(.rela.fini)

.rel.rodata
 *(.rel.rodata)
 *(.rel.rodata.*)
 *(.rel.gnu.linkonce.r*)

.rela.rodata
 *(.rela.rodata)
 *(.rela.rodata.*)
 *(.rela.gnu.linkonce.r*)

.rel.data
 *(.rel.data)
 *(.rel.data.*)
 *(.rel.gnu.linkonce.d*)

.rela.data
 *(.rela.data)
 *(.rela.data.*)
 *(.rela.gnu.linkonce.d*)

.rel.ctors
 *(.rel.ctors)

.rela.ctors
 *(.rela.ctors)

.rel.dtors
 *(.rel.dtors)

.rela.dtors
 *(.rela.dtors)

.rel.got
 *(.rel.got)

.rela.got
 *(.rela.got)

.rel.bss
 *(.rel.bss)

.rela.bss
 *(.rela.bss)

.rel.plt
 *(.rel.plt)

.rela.plt
 *(.rela.plt)

.text           0x0000000000000000     0x523c
 *(.vectors)
 .vectors       0x0000000000000000       0xac /opt/homebrew/Cellar/avr-gcc@9/9.3.0_3/lib/avr-gcc/9/gcc/avr/9.3.0/../../../../../../avr/lib/avr5/crtatmega32u4.o
                0x0000000000000000                __vectors
                0x0000000000000000                __vector_default
 *(.vectors)
 *(.progmem.gcc*)
                0x00000000000000ac                . = ALIGN (0x2)
                0x00000000000000ac                __trampolines_start = .
 *(.trampolines)
 .trampolines   0x00000000000000ac        0x0 linker stubs
 *(.trampolines*)
                0x00000000000000ac                __trampolines_end = .
 *libprintf_flt.a:*(.progmem.data)
 *libc.a:*(.progmem.data)
 *(.progmem.*)
 .progmem.data.keymaps
                0x00000000000000ac       0x60 .build/obj_kb_default/keyboards/kb/keymaps/default/keymap.o
                0x00000000000000ac                keymaps
 .progmem.data.fn_actions
                0x000000000000010c        0x0 .build/obj_kb_default/quantum/keymap_common.o
                0x000000000000010c                fn_actions
 .progmem.data.RGBLED_KNIGHT_INTERVALS
                0x000000000000010c        0x3 .build/obj_kb_default/quantum/rgblight.o
                0x000000000000010c                RGBLED_KNIGHT_INTERVALS
 .progmem.data.RGBLED_SNAKE_INTERVALS
                0x000000000000010f        0x3 .build/obj_kb_default/quantum/rgblight.o
                0x000000000000010f                RGBLED_SNAKE_INTERVALS
 .progmem.data.RGBLED_RAINBOW_MOOD_INTERVALS
                0x0000000000000112        0x3 .build/obj_kb_default/quantum/rgblight.o
                0x0000000000000112                RGBLED_RAINBOW_MOOD_INTERVALS
 .progmem.data.RGBLED_BREATHING_INTERVALS
                0x0000000000000115        0x4 .build/obj_kb_default/quantum/rgblight.o
                0x0000000000000115                RGBLED_BREATHING_INTERVALS
 .progmem.data.RGBLED_BREATHING_TABLE
                0x0000000000000119      0x100 .build/obj_kb_default/quantum/rgblight.o
                0x0000000000000119                RGBLED_BREATHING_TABLE
 .progmem.data.DIM_CURVE
                0x0000000000000219      0x100 .build/obj_kb_default/quantum/rgblight.o
                0x0000000000000219                DIM_CURVE
 .progmem.data.ProductString
                0x0000000000000319       0x14 .build/obj_kb_default/descriptor.o
                0x0000000000000319                ProductString
 .progmem.data.ManufacturerString
                0x000000000000032d       0x18 .build/obj_kb_default/descriptor.o
                0x000000000000032d                ManufacturerString
 .progmem.data.LanguageString
                0x0000000000000345        0x4 .build/obj_kb_default/descriptor.o
                0x0000000000000345                LanguageString
 .progmem.data.ConfigurationDescriptor
                0x0000000000000349       0x6d .build/obj_kb_default/descriptor.o
                0x0000000000000349                ConfigurationDescriptor
 .progmem.data.DeviceDescriptor
                0x00000000000003b6       0x12 .build/obj_kb_default/descriptor.o
                0x00000000000003b6                DeviceDescriptor
 .progmem.data.NKROReport
                0x00000000000003c8       0x39 .build/obj_kb_default/descriptor.o
                0x00000000000003c8                NKROReport
 .progmem.data.ExtrakeyReport
                0x0000000000000401       0x36 .build/obj_kb_default/descriptor.o
                0x0000000000000401                ExtrakeyReport
 .progmem.data.MouseReport
                0x0000000000000437       0x4d .build/obj_kb_default/descriptor.o
                0x0000000000000437                MouseReport
 .progmem.data.KeyboardReport
                0x0000000000000484       0x40 .build/obj_kb_default/descriptor.o
                0x0000000000000484                KeyboardReport
                0x00000000000004c4                . = ALIGN (0x2)
 *(.lowtext)
 *(.lowtext*)
                0x00000000000004c4                __ctors_start = .
 *(.ctors)
                0x00000000000004c4                __ctors_end = .
                0x00000000000004c4                __dtors_start = .
 *(.dtors)
                0x00000000000004c4                __dtors_end = .
 SORT_BY_NAME(*)(.ctors)
 SORT_BY_NAME(*)(.dtors)
 *(.init0)
 .init0         0x00000000000004c4        0x0 /opt/homebrew/Cellar/avr-gcc@9/9.3.0_3/lib/avr-gcc/9/gcc/avr/9.3.0/../../../../../../avr/lib/avr5/crtatmega32u4.o
                0x00000000000004c4                __init
 *(.init0)
 *(.init1)
 *(.init1)
 *(.init2)
 .init2         0x00000000000004c4        0xc /opt/homebrew/Cellar/avr-gcc@9/9.3.0_3/lib/avr-gcc/9/gcc/avr/9.3.0/../../../../../../avr/lib/avr5/crtatmega32u4.o
 *(.init2)
 *(.init3)
 .init3         0x00000000000004d0       0x54 .build/obj_kb_default/common/avr/bootloader.o
                0x00000000000004d0                bootloader_jump_after_watchdog_reset
 *(.init3)
 *(.init4)
 .init4         0x0000000000000524       0x16 /opt/homebrew/Cellar/avr-gcc@9/9.3.0_3/lib/avr-gcc/9/gcc/avr/9.3.0/avr5/libgcc.a(_copy_data.o)
                0x0000000000000524                __do_copy_data
 .init4         0x000000000000053a       0x10 /opt/homebrew/Cellar/avr-gcc@9/9.3.0_3/lib/avr-gcc/9/gcc/avr/9.3.0/avr5/libgcc.a(_clear_bss.o)
                0x000000000000053a                __do_clear_bss
 *(.init4)
 *(.init5)
 *(.init5)
 *(.init6)
 *(.init6)
 *(.init7)
 *(.init7)
 *(.init8)
 *(.init8)
 *(.init9)
 .init9         0x000000000000054a        0x8 /opt/homebrew/Cellar/avr-gcc@9/9.3.0_3/lib/avr-gcc/9/gcc/avr/9.3.0/../../../../../../avr/lib/avr5/crtatmega32u4.o
 *(.init9)
 *(.text)
 .text          0x0000000000000552        0x4 /opt/homebrew/Cellar/avr-gcc@9/9.3.0_3/lib/avr-gcc/9/gcc/avr/9.3.0/../../../../../../avr/lib/avr5/crtatmega32u4.o
                0x0000000000000552                __vector_42
                0x0000000000000552                __vector_22
                0x0000000000000552                __vector_28
                0x0000000000000552                __vector_1
                0x0000000000000552                __vector_32
                0x0000000000000552                __vector_34
                0x0000000000000552                __vector_24
                0x0000000000000552                __bad_interrupt
                0x0000000000000552                __vector_6
                0x0000000000000552                __vector_31
                0x0000000000000552                __vector_35
                0x0000000000000552                __vector_39
                0x0000000000000552                __vector_3
                0x0000000000000552                __vector_23
                0x0000000000000552                __vector_30
                0x0000000000000552                __vector_25
                0x0000000000000552                __vector_13
                0x0000000000000552                __vector_17
                0x0000000000000552                __vector_19
                0x0000000000000552                __vector_7
                0x0000000000000552                __vector_41
                0x0000000000000552                __vector_27
                0x0000000000000552                __vector_5
                0x0000000000000552                __vector_33
                0x0000000000000552                __vector_37
                0x0000000000000552                __vector_4
                0x0000000000000552                __vector_9
                0x0000000000000552                __vector_2
                0x0000000000000552                __vector_15
                0x0000000000000552                __vector_36
                0x0000000000000552                __vector_29
                0x0000000000000552                __vector_40
                0x0000000000000552                __vector_8
                0x0000000000000552                __vector_26
                0x0000000000000552                __vector_14
                0x0000000000000552                __vector_16
                0x0000000000000552                __vector_18
                0x0000000000000552                __vector_20
                0x0000000000000552                __vector_38
                0x0000000000000556                . = ALIGN (0x2)
 *(.text.*)
 .text.action_get_macro
                0x0000000000000556        0x6 .build/obj_kb_default/keyboards/kb/keymaps/default/keymap.o
                0x0000000000000556                action_get_macro
 .text.matrix_init_user
                0x000000000000055c        0x2 .build/obj_kb_default/keyboards/kb/keymaps/default/keymap.o
                0x000000000000055c                matrix_init_user
 .text.matrix_scan_user
                0x000000000000055e        0x2 .build/obj_kb_default/keyboards/kb/keymaps/default/keymap.o
                0x000000000000055e                matrix_scan_user
 .text.process_record_user
                0x0000000000000560        0x4 .build/obj_kb_default/keyboards/kb/keymaps/default/keymap.o
                0x0000000000000560                process_record_user
 .text.led_set_user
                0x0000000000000564        0x2 .build/obj_kb_default/keyboards/kb/keymaps/default/keymap.o
                0x0000000000000564                led_set_user
 .text.do_code16
                0x0000000000000566       0x6c .build/obj_kb_default/quantum/quantum.o
 .text.register_code16
                0x00000000000005d2       0x14 .build/obj_kb_default/quantum/quantum.o
                0x00000000000005d2                register_code16
 .text.unregister_code16
                0x00000000000005e6       0x18 .build/obj_kb_default/quantum/quantum.o
                0x00000000000005e6                unregister_code16
 .text.process_action_kb
                0x00000000000005fe        0x4 .build/obj_kb_default/quantum/quantum.o
                0x00000000000005fe                process_action_kb
 .text.process_record_kb
                0x0000000000000602        0x4 .build/obj_kb_default/quantum/quantum.o
                0x0000000000000602                process_record_kb
 .text.reset_keyboard
                0x0000000000000606       0x1a .build/obj_kb_default/quantum/quantum.o
                0x0000000000000606                reset_keyboard
 .text.process_record_quantum
                0x0000000000000620      0x2d4 .build/obj_kb_default/quantum/quantum.o
                0x0000000000000620                process_record_quantum
 .text.matrix_scan_quantum
                0x00000000000008f4        0x8 .build/obj_kb_default/quantum/quantum.o
                0x00000000000008f4                matrix_scan_quantum
 .text.backlight_init_ports
                0x00000000000008fc       0x20 .build/obj_kb_default/quantum/quantum.o
                0x00000000000008fc                backlight_init_ports
 .text.matrix_init_quantum
                0x000000000000091c        0x8 .build/obj_kb_default/quantum/quantum.o
                0x000000000000091c                matrix_init_quantum
 .text.backlight_set
                0x0000000000000924       0x58 .build/obj_kb_default/quantum/quantum.o
                0x0000000000000924                backlight_set
 .text.led_set_kb
                0x000000000000097c        0x4 .build/obj_kb_default/quantum/quantum.o
                0x000000000000097c                led_set_kb
 .text.led_set  0x0000000000000980        0x4 .build/obj_kb_default/quantum/quantum.o
                0x0000000000000980                led_set
 .text.action_function
                0x0000000000000984        0x2 .build/obj_kb_default/quantum/keymap_common.o
                0x0000000000000984                action_function
 .text.keymap_key_to_keycode
                0x0000000000000986       0x26 .build/obj_kb_default/quantum/keymap_common.o
                0x0000000000000986                keymap_key_to_keycode
 .text.keymap_function_id_to_action
                0x00000000000009ac       0x10 .build/obj_kb_default/quantum/keymap_common.o
                0x00000000000009ac                keymap_function_id_to_action
 .text.action_for_key
                0x00000000000009bc      0x340 .build/obj_kb_default/quantum/keymap_common.o
                0x00000000000009bc                action_for_key
 .text.keycode_config
                0x0000000000000cfc       0xf6 .build/obj_kb_default/quantum/keycode_config.o
                0x0000000000000cfc                keycode_config
 .text.leader_start
                0x0000000000000df2        0x2 .build/obj_kb_default/quantum/process_keycode/process_leader.o
                0x0000000000000df2                leader_start
 .text.process_leader
                0x0000000000000df4       0x9e .build/obj_kb_default/quantum/process_keycode/process_leader.o
                0x0000000000000df4                process_leader
 .text.matrix_init_kb
                0x0000000000000e92        0x4 .build/obj_kb_default/quantum/matrix.o
                0x0000000000000e92                matrix_init_kb
 .text.matrix_scan_kb
                0x0000000000000e96        0x4 .build/obj_kb_default/quantum/matrix.o
                0x0000000000000e96                matrix_scan_kb
 .text.matrix_init
                0x0000000000000e9a       0x5c .build/obj_kb_default/quantum/matrix.o
                0x0000000000000e9a                matrix_init
 .text.matrix_scan
                0x0000000000000ef6       0xd8 .build/obj_kb_default/quantum/matrix.o
                0x0000000000000ef6                matrix_scan
 .text.matrix_get_row
                0x0000000000000fce        0xc .build/obj_kb_default/quantum/matrix.o
                0x0000000000000fce                matrix_get_row
 .text.matrix_print
                0x0000000000000fda        0x2 .build/obj_kb_default/quantum/matrix.o
                0x0000000000000fda                matrix_print
 .text.ws2812_sendarray_mask
                0x0000000000000fdc       0x48 .build/obj_kb_default/quantum/light_ws2812.o
                0x0000000000000fdc                ws2812_sendarray_mask
 .text.ws2812_setleds_pin
                0x0000000000001024       0x26 .build/obj_kb_default/quantum/light_ws2812.o
                0x0000000000001024                ws2812_setleds_pin
 .text.ws2812_setleds
                0x000000000000104a        0x6 .build/obj_kb_default/quantum/light_ws2812.o
                0x000000000000104a                ws2812_setleds
 .text.sethsv   0x0000000000001050      0x106 .build/obj_kb_default/quantum/rgblight.o
                0x0000000000001050                sethsv
 .text.eeconfig_read_rgblight
                0x0000000000001156        0x8 .build/obj_kb_default/quantum/rgblight.o
                0x0000000000001156                eeconfig_read_rgblight
 .text.eeconfig_update_rgblight
                0x000000000000115e        0xc .build/obj_kb_default/quantum/rgblight.o
                0x000000000000115e                eeconfig_update_rgblight
 .text.eeconfig_update_rgblight_default
                0x000000000000116a       0x48 .build/obj_kb_default/quantum/rgblight.o
                0x000000000000116a                eeconfig_update_rgblight_default
 .text.rgblight_set
                0x00000000000011b2       0x2c .build/obj_kb_default/quantum/rgblight.o
                0x00000000000011b2                rgblight_set
 .text.rgblight_setrgb
                0x00000000000011de       0x14 .build/obj_kb_default/quantum/rgblight.o
                0x00000000000011de                rgblight_setrgb
 .text.rgblight_sethsv_noeeprom
                0x00000000000011f2       0x96 .build/obj_kb_default/quantum/rgblight.o
                0x00000000000011f2                rgblight_sethsv_noeeprom
 .text.rgblight_sethsv
                0x0000000000001288       0xde .build/obj_kb_default/quantum/rgblight.o
                0x0000000000001288                rgblight_sethsv
 .text.rgblight_increase_hue
                0x0000000000001366       0x30 .build/obj_kb_default/quantum/rgblight.o
                0x0000000000001366                rgblight_increase_hue
 .text.rgblight_decrease_hue
                0x0000000000001396       0x3e .build/obj_kb_default/quantum/rgblight.o
                0x0000000000001396                rgblight_decrease_hue
 .text.rgblight_increase_sat
                0x00000000000013d4       0x30 .build/obj_kb_default/quantum/rgblight.o
                0x00000000000013d4                rgblight_increase_sat
 .text.rgblight_decrease_sat
                0x0000000000001404       0x30 .build/obj_kb_default/quantum/rgblight.o
                0x0000000000001404                rgblight_decrease_sat
 .text.rgblight_increase_val
                0x0000000000001434       0x30 .build/obj_kb_default/quantum/rgblight.o
                0x0000000000001434                rgblight_increase_val
 .text.rgblight_decrease_val
                0x0000000000001464       0x30 .build/obj_kb_default/quantum/rgblight.o
                0x0000000000001464                rgblight_decrease_val
 .text.rgblight_mode
                0x0000000000001494       0xb0 .build/obj_kb_default/quantum/rgblight.o
                0x0000000000001494                rgblight_mode
 .text.rgblight_init
                0x0000000000001544       0x68 .build/obj_kb_default/quantum/rgblight.o
                0x0000000000001544                rgblight_init
 .text.rgblight_step
                0x00000000000015ac       0x14 .build/obj_kb_default/quantum/rgblight.o
                0x00000000000015ac                rgblight_step
 .text.rgblight_toggle
                0x00000000000015c0       0x7e .build/obj_kb_default/quantum/rgblight.o
                0x00000000000015c0                rgblight_toggle
 .text.rgblight_effect_breathing
                0x000000000000163e       0x6a .build/obj_kb_default/quantum/rgblight.o
                0x000000000000163e                rgblight_effect_breathing
 .text.rgblight_effect_rainbow_mood
                0x00000000000016a8       0x60 .build/obj_kb_default/quantum/rgblight.o
                0x00000000000016a8                rgblight_effect_rainbow_mood
 .text.rgblight_effect_rainbow_swirl
                0x0000000000001708       0xa8 .build/obj_kb_default/quantum/rgblight.o
                0x0000000000001708                rgblight_effect_rainbow_swirl
 .text.rgblight_effect_snake
                0x00000000000017b0      0x10c .build/obj_kb_default/quantum/rgblight.o
                0x00000000000017b0                rgblight_effect_snake
 .text.rgblight_effect_knight
                0x00000000000018bc      0x14c .build/obj_kb_default/quantum/rgblight.o
                0x00000000000018bc                rgblight_effect_knight
 .text.rgblight_effect_christmas
                0x0000000000001a08       0x62 .build/obj_kb_default/quantum/rgblight.o
                0x0000000000001a08                rgblight_effect_christmas
 .text.rgblight_task
                0x0000000000001a6a       0x66 .build/obj_kb_default/quantum/rgblight.o
                0x0000000000001a6a                rgblight_task
 .text.process_tap_dance_action_on_dance_finished
                0x0000000000001ad0       0x30 .build/obj_kb_default/quantum/process_keycode/process_tap_dance.o
 .text.qk_tap_dance_pair_finished
                0x0000000000001b00       0x1e .build/obj_kb_default/quantum/process_keycode/process_tap_dance.o
                0x0000000000001b00                qk_tap_dance_pair_finished
 .text.qk_tap_dance_pair_reset
                0x0000000000001b1e       0x1e .build/obj_kb_default/quantum/process_keycode/process_tap_dance.o
                0x0000000000001b1e                qk_tap_dance_pair_reset
 .text.reset_tap_dance
                0x0000000000001b3c       0x4e .build/obj_kb_default/quantum/process_keycode/process_tap_dance.o
                0x0000000000001b3c                reset_tap_dance
 .text.process_tap_dance
                0x0000000000001b8a      0x138 .build/obj_kb_default/quantum/process_keycode/process_tap_dance.o
                0x0000000000001b8a                process_tap_dance
 .text.matrix_scan_tap_dance
                0x0000000000001cc2       0x5c .build/obj_kb_default/quantum/process_keycode/process_tap_dance.o
                0x0000000000001cc2                matrix_scan_tap_dance
 .text.host_set_driver
                0x0000000000001d1e        0xa .build/obj_kb_default/common/host.o
                0x0000000000001d1e                host_set_driver
 .text.host_keyboard_leds
                0x0000000000001d28       0x18 .build/obj_kb_default/common/host.o
                0x0000000000001d28                host_keyboard_leds
 .text.host_keyboard_send
                0x0000000000001d40       0x16 .build/obj_kb_default/common/host.o
                0x0000000000001d40                host_keyboard_send
 .text.host_mouse_send
                0x0000000000001d56       0x16 .build/obj_kb_default/common/host.o
                0x0000000000001d56                host_mouse_send
 .text.host_system_send
                0x0000000000001d6c       0x2c .build/obj_kb_default/common/host.o
                0x0000000000001d6c                host_system_send
 .text.host_consumer_send
                0x0000000000001d98       0x2c .build/obj_kb_default/common/host.o
                0x0000000000001d98                host_consumer_send
 .text.matrix_setup
                0x0000000000001dc4        0x2 .build/obj_kb_default/common/keyboard.o
                0x0000000000001dc4                matrix_setup
 .text.keyboard_setup
                0x0000000000001dc6        0x4 .build/obj_kb_default/common/keyboard.o
                0x0000000000001dc6                keyboard_setup
 .text.keyboard_init
                0x0000000000001dca       0x14 .build/obj_kb_default/common/keyboard.o
                0x0000000000001dca                keyboard_init
 .text.keyboard_task
                0x0000000000001dde      0x102 .build/obj_kb_default/common/keyboard.o
                0x0000000000001dde                keyboard_task
 .text.action_exec
                0x0000000000001ee0       0x52 .build/obj_kb_default/common/action.o
                0x0000000000001ee0                action_exec
 .text.register_code
                0x0000000000001f32      0x1b8 .build/obj_kb_default/common/action.o
                0x0000000000001f32                register_code
 .text.unregister_code
                0x00000000000020ea       0x9e .build/obj_kb_default/common/action.o
                0x00000000000020ea                unregister_code
 .text.register_mods
                0x0000000000002188        0xe .build/obj_kb_default/common/action.o
                0x0000000000002188                register_mods
 .text.unregister_mods
                0x0000000000002196        0xe .build/obj_kb_default/common/action.o
                0x0000000000002196                unregister_mods
 .text.process_action
                0x00000000000021a4      0x4de .build/obj_kb_default/common/action.o
                0x00000000000021a4                process_action
 .text.process_record
                0x0000000000002682       0x54 .build/obj_kb_default/common/action.o
                0x0000000000002682                process_record
 .text.clear_keyboard_but_mods
                0x00000000000026d6       0x28 .build/obj_kb_default/common/action.o
                0x00000000000026d6                clear_keyboard_but_mods
 .text.clear_keyboard
                0x00000000000026fe        0x8 .build/obj_kb_default/common/action.o
                0x00000000000026fe                clear_keyboard
 .text.is_tap_key
                0x0000000000002706       0x56 .build/obj_kb_default/common/action.o
                0x0000000000002706                is_tap_key
 .text.debug_event
                0x000000000000275c       0x1e .build/obj_kb_default/common/action.o
                0x000000000000275c                debug_event
 .text.debug_record
                0x000000000000277a       0x20 .build/obj_kb_default/common/action.o
                0x000000000000277a                debug_record
 .text.debug_waiting_buffer
                0x000000000000279a       0x42 .build/obj_kb_default/common/action_tapping.o
 .text.debug_tapping_key
                0x00000000000027dc       0x1c .build/obj_kb_default/common/action_tapping.o
 .text.waiting_buffer_scan_tap
                0x00000000000027f8       0xc8 .build/obj_kb_default/common/action_tapping.o
 .text.process_tapping
                0x00000000000028c0      0x34e .build/obj_kb_default/common/action_tapping.o
 .text.action_tapping_process
                0x0000000000002c0e      0x140 .build/obj_kb_default/common/action_tapping.o
                0x0000000000002c0e                action_tapping_process
 .text.action_macro_play
                0x0000000000002d4e       0xf8 .build/obj_kb_default/common/action_macro.o
                0x0000000000002d4e                action_macro_play
 .text.default_layer_debug
                0x0000000000002e46        0x2 .build/obj_kb_default/common/action_layer.o
                0x0000000000002e46                default_layer_debug
 .text.default_layer_set
                0x0000000000002e48       0x14 .build/obj_kb_default/common/action_layer.o
                0x0000000000002e48                default_layer_set
 .text.default_layer_or
                0x0000000000002e5c       0x54 .build/obj_kb_default/common/action_layer.o
                0x0000000000002e5c                default_layer_or
 .text.default_layer_and
                0x0000000000002eb0       0x54 .build/obj_kb_default/common/action_layer.o
                0x0000000000002eb0                default_layer_and
 .text.default_layer_xor
                0x0000000000002f04       0x54 .build/obj_kb_default/common/action_layer.o
                0x0000000000002f04                default_layer_xor
 .text.layer_clear
                0x0000000000002f58       0x14 .build/obj_kb_default/common/action_layer.o
                0x0000000000002f58                layer_clear
 .text.layer_move
                0x0000000000002f6c       0x2a .build/obj_kb_default/common/action_layer.o
                0x0000000000002f6c                layer_move
 .text.layer_on
                0x0000000000002f96       0x44 .build/obj_kb_default/common/action_layer.o
                0x0000000000002f96                layer_on
 .text.layer_off
                0x0000000000002fda       0x4a .build/obj_kb_default/common/action_layer.o
                0x0000000000002fda                layer_off
 .text.layer_invert
                0x0000000000003024       0x44 .build/obj_kb_default/common/action_layer.o
                0x0000000000003024                layer_invert
 .text.layer_or
                0x0000000000003068       0x54 .build/obj_kb_default/common/action_layer.o
                0x0000000000003068                layer_or
 .text.layer_and
                0x00000000000030bc       0x54 .build/obj_kb_default/common/action_layer.o
                0x00000000000030bc                layer_and
 .text.layer_xor
                0x0000000000003110       0x54 .build/obj_kb_default/common/action_layer.o
                0x0000000000003110                layer_xor
 .text.layer_debug
                0x0000000000003164        0x2 .build/obj_kb_default/common/action_layer.o
                0x0000000000003164                layer_debug
 .text.update_source_layers_cache
                0x0000000000003166       0x5c .build/obj_kb_default/common/action_layer.o
                0x0000000000003166                update_source_layers_cache
 .text.read_source_layers_cache
                0x00000000000031c2       0x52 .build/obj_kb_default/common/action_layer.o
                0x00000000000031c2                read_source_layers_cache
 .text.layer_switch_get_layer
                0x0000000000003214       0x84 .build/obj_kb_default/common/action_layer.o
                0x0000000000003214                layer_switch_get_layer
 .text.layer_switch_get_action
                0x0000000000003298       0x18 .build/obj_kb_default/common/action_layer.o
                0x0000000000003298                layer_switch_get_action
 .text.store_or_get_action
                0x00000000000032b0       0x54 .build/obj_kb_default/common/action_layer.o
                0x00000000000032b0                store_or_get_action
 .text.get_oneshot_layer
                0x0000000000003304        0xc .build/obj_kb_default/common/action_util.o
                0x0000000000003304                get_oneshot_layer
 .text.get_oneshot_layer_state
                0x0000000000003310        0x8 .build/obj_kb_default/common/action_util.o
                0x0000000000003310                get_oneshot_layer_state
 .text.set_oneshot_layer
                0x0000000000003318       0x12 .build/obj_kb_default/common/action_util.o
                0x0000000000003318                set_oneshot_layer
 .text.clear_oneshot_layer_state
                0x000000000000332a       0x2c .build/obj_kb_default/common/action_util.o
                0x000000000000332a                clear_oneshot_layer_state
 .text.is_oneshot_layer_active
                0x0000000000003356        0xe .build/obj_kb_default/common/action_util.o
                0x0000000000003356                is_oneshot_layer_active
 .text.add_key  0x0000000000003364       0x7a .build/obj_kb_default/common/action_util.o
                0x0000000000003364                add_key
 .text.del_key  0x00000000000033de       0x6c .build/obj_kb_default/common/action_util.o
                0x00000000000033de                del_key
 .text.clear_keys
                0x000000000000344a       0x1c .build/obj_kb_default/common/action_util.o
                0x000000000000344a                clear_keys
 .text.add_mods
                0x0000000000003466        0xc .build/obj_kb_default/common/action_util.o
                0x0000000000003466                add_mods
 .text.del_mods
                0x0000000000003472       0x10 .build/obj_kb_default/common/action_util.o
                0x0000000000003472                del_mods
 .text.clear_mods
                0x0000000000003482        0x6 .build/obj_kb_default/common/action_util.o
                0x0000000000003482                clear_mods
 .text.add_weak_mods
                0x0000000000003488        0xc .build/obj_kb_default/common/action_util.o
                0x0000000000003488                add_weak_mods
 .text.del_weak_mods
                0x0000000000003494       0x10 .build/obj_kb_default/common/action_util.o
                0x0000000000003494                del_weak_mods
 .text.clear_weak_mods
                0x00000000000034a4        0x6 .build/obj_kb_default/common/action_util.o
                0x00000000000034a4                clear_weak_mods
 .text.add_macro_mods
                0x00000000000034aa        0xc .build/obj_kb_default/common/action_util.o
                0x00000000000034aa                add_macro_mods
 .text.del_macro_mods
                0x00000000000034b6       0x10 .build/obj_kb_default/common/action_util.o
                0x00000000000034b6                del_macro_mods
 .text.clear_macro_mods
                0x00000000000034c6        0x6 .build/obj_kb_default/common/action_util.o
                0x00000000000034c6                clear_macro_mods
 .text.set_oneshot_mods
                0x00000000000034cc        0x6 .build/obj_kb_default/common/action_util.o
                0x00000000000034cc                set_oneshot_mods
 .text.clear_oneshot_mods
                0x00000000000034d2        0x6 .build/obj_kb_default/common/action_util.o
                0x00000000000034d2                clear_oneshot_mods
 .text.has_anykey
                0x00000000000034d8       0x20 .build/obj_kb_default/common/action_util.o
                0x00000000000034d8                has_anykey
 .text.send_keyboard_report
                0x00000000000034f8       0x5e .build/obj_kb_default/common/action_util.o
                0x00000000000034f8                send_keyboard_report
 .text.eeconfig_init
                0x0000000000003556       0x4c .build/obj_kb_default/common/eeconfig.o
                0x0000000000003556                eeconfig_init
 .text.eeconfig_is_enabled
                0x00000000000035a2       0x16 .build/obj_kb_default/common/eeconfig.o
                0x00000000000035a2                eeconfig_is_enabled
 .text.eeconfig_read_debug
                0x00000000000035b8        0x8 .build/obj_kb_default/common/eeconfig.o
                0x00000000000035b8                eeconfig_read_debug
 .text.eeconfig_update_debug
                0x00000000000035c0        0xa .build/obj_kb_default/common/eeconfig.o
                0x00000000000035c0                eeconfig_update_debug
 .text.eeconfig_read_default_layer
                0x00000000000035ca        0x8 .build/obj_kb_default/common/eeconfig.o
                0x00000000000035ca                eeconfig_read_default_layer
 .text.eeconfig_update_default_layer
                0x00000000000035d2        0xa .build/obj_kb_default/common/eeconfig.o
                0x00000000000035d2                eeconfig_update_default_layer
 .text.eeconfig_read_keymap
                0x00000000000035dc        0x8 .build/obj_kb_default/common/eeconfig.o
                0x00000000000035dc                eeconfig_read_keymap
 .text.eeconfig_update_keymap
                0x00000000000035e4        0xa .build/obj_kb_default/common/eeconfig.o
                0x00000000000035e4                eeconfig_update_keymap
 .text.eeconfig_read_backlight
                0x00000000000035ee        0x8 .build/obj_kb_default/common/eeconfig.o
                0x00000000000035ee                eeconfig_read_backlight
 .text.eeconfig_update_backlight
                0x00000000000035f6        0xa .build/obj_kb_default/common/eeconfig.o
                0x00000000000035f6                eeconfig_update_backlight
 .text.suspend_power_down
                0x0000000000003600       0x5e .build/obj_kb_default/common/avr/suspend.o
                0x0000000000003600                suspend_power_down
 .text.matrix_power_up
                0x000000000000365e        0x2 .build/obj_kb_default/common/avr/suspend.o
                0x000000000000365e                matrix_power_up
 .text.matrix_power_down
                0x0000000000003660        0x2 .build/obj_kb_default/common/avr/suspend.o
                0x0000000000003660                matrix_power_down
 .text.suspend_wakeup_condition
                0x0000000000003662       0x1e .build/obj_kb_default/common/avr/suspend.o
                0x0000000000003662                suspend_wakeup_condition
 .text.suspend_wakeup_init
                0x0000000000003680       0x10 .build/obj_kb_default/common/avr/suspend.o
                0x0000000000003680                suspend_wakeup_init
 .text.__vector_12
                0x0000000000003690       0x4e .build/obj_kb_default/common/avr/suspend.o
                0x0000000000003690                __vector_12
 .text.timer_init
                0x00000000000036de       0x12 .build/obj_kb_default/common/avr/timer.o
                0x00000000000036de                timer_init
 .text.timer_read
                0x00000000000036f0       0x18 .build/obj_kb_default/common/avr/timer.o
                0x00000000000036f0                timer_read
 .text.timer_elapsed
                0x0000000000003708       0x4a .build/obj_kb_default/common/avr/timer.o
                0x0000000000003708                timer_elapsed
 .text.__vector_21
                0x0000000000003752       0x46 .build/obj_kb_default/common/avr/timer.o
                0x0000000000003752                __vector_21
 .text.bootloader_jump
                0x0000000000003798       0x44 .build/obj_kb_default/common/avr/bootloader.o
                0x0000000000003798                bootloader_jump
 .text.scan_keycode
                0x00000000000037dc       0x5c .build/obj_kb_default/common/bootmagic.o
 .text.bootmagic_scan_keycode
                0x0000000000003838       0x1c .build/obj_kb_default/common/bootmagic.o
                0x0000000000003838                bootmagic_scan_keycode
 .text.bootmagic
                0x0000000000003854      0x270 .build/obj_kb_default/common/bootmagic.o
                0x0000000000003854                bootmagic
 .text.move_unit
                0x0000000000003ac4       0x94 .build/obj_kb_default/common/mousekey.o
 .text.wheel_unit
                0x0000000000003b58       0x72 .build/obj_kb_default/common/mousekey.o
 .text.mousekey_on
                0x0000000000003bca       0xd0 .build/obj_kb_default/common/mousekey.o
                0x0000000000003bca                mousekey_on
 .text.mousekey_off
                0x0000000000003c9a       0xfe .build/obj_kb_default/common/mousekey.o
                0x0000000000003c9a                mousekey_off
 .text.mousekey_send
                0x0000000000003d98       0x16 .build/obj_kb_default/common/mousekey.o
                0x0000000000003d98                mousekey_send
 .text.mousekey_task
                0x0000000000003dae      0x1cc .build/obj_kb_default/common/mousekey.o
                0x0000000000003dae                mousekey_task
 .text.mousekey_clear
                0x0000000000003f7a       0x18 .build/obj_kb_default/common/mousekey.o
                0x0000000000003f7a                mousekey_clear
 .text.backlight_init
                0x0000000000003f92       0x24 .build/obj_kb_default/common/backlight.o
                0x0000000000003f92                backlight_init
 .text.backlight_increase
                0x0000000000003fb6       0x30 .build/obj_kb_default/common/backlight.o
                0x0000000000003fb6                backlight_increase
 .text.backlight_decrease
                0x0000000000003fe6       0x32 .build/obj_kb_default/common/backlight.o
                0x0000000000003fe6                backlight_decrease
 .text.backlight_toggle
                0x0000000000004018       0x28 .build/obj_kb_default/common/backlight.o
                0x0000000000004018                backlight_toggle
 .text.backlight_step
                0x0000000000004040       0x46 .build/obj_kb_default/common/backlight.o
                0x0000000000004040                backlight_step
 .text.backlight_level
                0x0000000000004086       0x36 .build/obj_kb_default/common/backlight.o
                0x0000000000004086                backlight_level
 .text.keyboard_leds
                0x00000000000040bc        0x6 .build/obj_kb_default/lufa.o
 .text.send_consumer
                0x00000000000040c2       0x66 .build/obj_kb_default/lufa.o
 .text.send_system
                0x0000000000004128       0x6e .build/obj_kb_default/lufa.o
 .text.send_mouse
                0x0000000000004196       0x46 .build/obj_kb_default/lufa.o
 .text.send_keyboard
                0x00000000000041dc       0xa6 .build/obj_kb_default/lufa.o
 .text.EVENT_USB_Device_Connect
                0x0000000000004282       0x1c .build/obj_kb_default/lufa.o
                0x0000000000004282                EVENT_USB_Device_Connect
 .text.EVENT_USB_Device_Disconnect
                0x000000000000429e        0x6 .build/obj_kb_default/lufa.o
                0x000000000000429e                EVENT_USB_Device_Disconnect
 .text.EVENT_USB_Device_Reset
                0x00000000000042a4        0x2 .build/obj_kb_default/lufa.o
                0x00000000000042a4                EVENT_USB_Device_Reset
 .text.EVENT_USB_Device_Suspend
                0x00000000000042a6        0x2 .build/obj_kb_default/lufa.o
                0x00000000000042a6                EVENT_USB_Device_Suspend
 .text.EVENT_USB_Device_WakeUp
                0x00000000000042a8        0x4 .build/obj_kb_default/lufa.o
                0x00000000000042a8                EVENT_USB_Device_WakeUp
 .text.EVENT_USB_Device_ConfigurationChanged
                0x00000000000042ac       0x28 .build/obj_kb_default/lufa.o
                0x00000000000042ac                EVENT_USB_Device_ConfigurationChanged
 .text.EVENT_USB_Device_ControlRequest
                0x00000000000042d4      0x15a .build/obj_kb_default/lufa.o
                0x00000000000042d4                EVENT_USB_Device_ControlRequest
 .text.startup.main
                0x000000000000442e       0x7a .build/obj_kb_default/lufa.o
                0x000000000000442e                main
 .text.CALLBACK_USB_GetDescriptor
                0x00000000000044a8       0xac .build/obj_kb_default/descriptor.o
                0x00000000000044a8                CALLBACK_USB_GetDescriptor
 .text.USB_Device_SendRemoteWakeup
                0x0000000000004554       0x2c .build/obj_kb_default/protocol/lufa/LUFA-git/LUFA/Drivers/USB/Core/AVR8/Device_AVR8.o
                0x0000000000004554                USB_Device_SendRemoteWakeup
 .text.Endpoint_Write_Stream_LE
                0x0000000000004580       0x9e .build/obj_kb_default/protocol/lufa/LUFA-git/LUFA/Drivers/USB/Core/AVR8/EndpointStream_AVR8.o
                0x0000000000004580                Endpoint_Write_Stream_LE
 .text.Endpoint_Write_Control_Stream_LE
                0x000000000000461e       0xb4 .build/obj_kb_default/protocol/lufa/LUFA-git/LUFA/Drivers/USB/Core/AVR8/EndpointStream_AVR8.o
                0x000000000000461e                Endpoint_Write_Control_Stream_LE
 .text.Endpoint_Write_Control_PStream_LE
                0x00000000000046d2       0xb6 .build/obj_kb_default/protocol/lufa/LUFA-git/LUFA/Drivers/USB/Core/AVR8/EndpointStream_AVR8.o
                0x00000000000046d2                Endpoint_Write_Control_PStream_LE
 .text.Endpoint_ConfigureEndpoint_Prv
                0x0000000000004788       0x68 .build/obj_kb_default/protocol/lufa/LUFA-git/LUFA/Drivers/USB/Core/AVR8/Endpoint_AVR8.o
                0x0000000000004788                Endpoint_ConfigureEndpoint_Prv
 .text.Endpoint_ClearStatusStage
                0x00000000000047f0       0x3e .build/obj_kb_default/protocol/lufa/LUFA-git/LUFA/Drivers/USB/Core/AVR8/Endpoint_AVR8.o
                0x00000000000047f0                Endpoint_ClearStatusStage
 .text.Endpoint_WaitUntilReady
                0x000000000000482e       0x62 .build/obj_kb_default/protocol/lufa/LUFA-git/LUFA/Drivers/USB/Core/AVR8/Endpoint_AVR8.o
                0x000000000000482e                Endpoint_WaitUntilReady
 .text.USB_Disable
                0x0000000000004890       0x34 .build/obj_kb_default/protocol/lufa/LUFA-git/LUFA/Drivers/USB/Core/AVR8/USBController_AVR8.o
                0x0000000000004890                USB_Disable
 .text.USB_ResetInterface
                0x00000000000048c4       0x86 .build/obj_kb_default/protocol/lufa/LUFA-git/LUFA/Drivers/USB/Core/AVR8/USBController_AVR8.o
                0x00000000000048c4                USB_ResetInterface
 .text.USB_Init
                0x000000000000494a       0x22 .build/obj_kb_default/protocol/lufa/LUFA-git/LUFA/Drivers/USB/Core/AVR8/USBController_AVR8.o
                0x000000000000494a                USB_Init
 .text.USB_INT_DisableAllInterrupts
                0x000000000000496c       0x10 .build/obj_kb_default/protocol/lufa/LUFA-git/LUFA/Drivers/USB/Core/AVR8/USBInterrupt_AVR8.o
                0x000000000000496c                USB_INT_DisableAllInterrupts
 .text.USB_INT_ClearAllInterrupts
                0x000000000000497c        0xa .build/obj_kb_default/protocol/lufa/LUFA-git/LUFA/Drivers/USB/Core/AVR8/USBInterrupt_AVR8.o
                0x000000000000497c                USB_INT_ClearAllInterrupts
 .text.__vector_10
                0x0000000000004986      0x1a6 .build/obj_kb_default/protocol/lufa/LUFA-git/LUFA/Drivers/USB/Core/AVR8/USBInterrupt_AVR8.o
                0x0000000000004986                __vector_10
 .text.__vector_11
                0x0000000000004b2c       0x88 .build/obj_kb_default/protocol/lufa/LUFA-git/LUFA/Drivers/USB/Core/AVR8/USBInterrupt_AVR8.o
                0x0000000000004b2c                __vector_11
 .text.USB_Device_ProcessControlRequest
                0x0000000000004bb4      0x294 .build/obj_kb_default/protocol/lufa/LUFA-git/LUFA/Drivers/USB/Core/DeviceStandardReq.o
                0x0000000000004bb4                USB_Device_ProcessControlRequest
 .text.USB_Event_Stub
                0x0000000000004e48        0x2 .build/obj_kb_default/protocol/lufa/LUFA-git/LUFA/Drivers/USB/Core/Events.o
                0x0000000000004e48                USB_Event_Stub
                0x0000000000004e48                EVENT_USB_Device_StartOfFrame
 .text.USB_USBTask
                0x0000000000004e4a       0x36 .build/obj_kb_default/protocol/lufa/LUFA-git/LUFA/Drivers/USB/Core/USBTask.o
                0x0000000000004e4a                USB_USBTask
 .text.avr-libc.fplib
                0x0000000000004e80        0xe /opt/homebrew/Cellar/avr-gcc@9/9.3.0_3/lib/avr-gcc/9/gcc/avr/9.3.0/../../../../../../avr/lib/avr5/libm.a(fixsfsi.o)
                0x0000000000004e80                __fixsfsi
 .text.avr-libc.fplib
                0x0000000000004e8e       0x5e /opt/homebrew/Cellar/avr-gcc@9/9.3.0_3/lib/avr-gcc/9/gcc/avr/9.3.0/../../../../../../avr/lib/avr5/libm.a(fixunssfsi.o)
                0x0000000000004e8e                __fixunssfsi
 .text.avr-libc.fplib
                0x0000000000004eec       0x7a /opt/homebrew/Cellar/avr-gcc@9/9.3.0_3/lib/avr-gcc/9/gcc/avr/9.3.0/../../../../../../avr/lib/avr5/libm.a(floatsisf.o)
                0x0000000000004eec                __floatunsisf
                0x0000000000004ef0                __floatsisf
 .text.avr-libc.fplib
                0x0000000000004f66       0x44 /opt/homebrew/Cellar/avr-gcc@9/9.3.0_3/lib/avr-gcc/9/gcc/avr/9.3.0/../../../../../../avr/lib/avr5/libm.a(fp_split3.o)
                0x0000000000004f66                __fp_split3
                0x0000000000004f76                __fp_splitA
 .text.avr-libc.fplib
                0x0000000000004faa        0xe /opt/homebrew/Cellar/avr-gcc@9/9.3.0_3/lib/avr-gcc/9/gcc/avr/9.3.0/../../../../../../avr/lib/avr5/libm.a(fp_zero.o)
                0x0000000000004faa                __fp_zero
                0x0000000000004fac                __fp_szero
 .text.avr-libc.fplib
                0x0000000000004fb8        0x8 /opt/homebrew/Cellar/avr-gcc@9/9.3.0_3/lib/avr-gcc/9/gcc/avr/9.3.0/../../../../../../avr/lib/avr5/libm.a(mulsf3.o)
                0x0000000000004fb8                __mulsf3
 .text.avr-libc.fplib
                0x0000000000004fc0       0xd2 /opt/homebrew/Cellar/avr-gcc@9/9.3.0_3/lib/avr-gcc/9/gcc/avr/9.3.0/../../../../../../avr/lib/avr5/libm.a(mulsf3x.o)
                0x0000000000004fde                __mulsf3x
                0x0000000000004fe4                __mulsf3_pse
 .text.avr-libc.fplib
                0x0000000000005092        0xc /opt/homebrew/Cellar/avr-gcc@9/9.3.0_3/lib/avr-gcc/9/gcc/avr/9.3.0/../../../../../../avr/lib/avr5/libm.a(fp_inf.o)
                0x0000000000005092                __fp_inf
 .text.avr-libc.fplib
                0x000000000000509e        0x6 /opt/homebrew/Cellar/avr-gcc@9/9.3.0_3/lib/avr-gcc/9/gcc/avr/9.3.0/../../../../../../avr/lib/avr5/libm.a(fp_nan.o)
                0x000000000000509e                __fp_nan
 .text.avr-libc.fplib
                0x00000000000050a4        0xe /opt/homebrew/Cellar/avr-gcc@9/9.3.0_3/lib/avr-gcc/9/gcc/avr/9.3.0/../../../../../../avr/lib/avr5/libm.a(fp_pscA.o)
                0x00000000000050a4                __fp_pscA
 .text.avr-libc.fplib
                0x00000000000050b2        0xe /opt/homebrew/Cellar/avr-gcc@9/9.3.0_3/lib/avr-gcc/9/gcc/avr/9.3.0/../../../../../../avr/lib/avr5/libm.a(fp_pscB.o)
                0x00000000000050b2                __fp_pscB
 .text.avr-libc.fplib
                0x00000000000050c0       0x22 /opt/homebrew/Cellar/avr-gcc@9/9.3.0_3/lib/avr-gcc/9/gcc/avr/9.3.0/../../../../../../avr/lib/avr5/libm.a(fp_round.o)
                0x00000000000050c0                __fp_round
 .text.libgcc.div
                0x00000000000050e2       0x28 /opt/homebrew/Cellar/avr-gcc@9/9.3.0_3/lib/avr-gcc/9/gcc/avr/9.3.0/avr5/libgcc.a(_udivmodhi4.o)
                0x00000000000050e2                __udivmodhi4
 .text.libgcc.div
                0x000000000000510a       0x28 /opt/homebrew/Cellar/avr-gcc@9/9.3.0_3/lib/avr-gcc/9/gcc/avr/9.3.0/avr5/libgcc.a(_divmodhi4.o)
                0x000000000000510a                __divmodhi4
                0x000000000000510a                _div
 .text.libgcc   0x0000000000005132        0xc /opt/homebrew/Cellar/avr-gcc@9/9.3.0_3/lib/avr-gcc/9/gcc/avr/9.3.0/avr5/libgcc.a(_tablejump2.o)
                0x0000000000005132                __tablejump2__
 .text.avr-libc
                0x000000000000513e       0x10 /opt/homebrew/Cellar/avr-gcc@9/9.3.0_3/lib/avr-gcc/9/gcc/avr/9.3.0/../../../../../../avr/lib/avr5/libatmega32u4.a(eerd_byte.o)
                0x000000000000513e                eeprom_read_byte
 .text.avr-libc
                0x000000000000514e        0xc /opt/homebrew/Cellar/avr-gcc@9/9.3.0_3/lib/avr-gcc/9/gcc/avr/9.3.0/../../../../../../avr/lib/avr5/libatmega32u4.a(eerd_dword.o)
                0x000000000000514e                eeprom_read_dword
                0x000000000000514e                eeprom_read_float
 .text.avr-libc
                0x000000000000515a        0xc /opt/homebrew/Cellar/avr-gcc@9/9.3.0_3/lib/avr-gcc/9/gcc/avr/9.3.0/../../../../../../avr/lib/avr5/libatmega32u4.a(eerd_word.o)
                0x000000000000515a                eeprom_read_word
 .text.avr-libc
                0x0000000000005166       0x24 /opt/homebrew/Cellar/avr-gcc@9/9.3.0_3/lib/avr-gcc/9/gcc/avr/9.3.0/../../../../../../avr/lib/avr5/libatmega32u4.a(eeupd_byte.o)
                0x0000000000005166                eeprom_update_byte
                0x0000000000005168                eeprom_update_r18
 .text.avr-libc
                0x000000000000518a       0x18 /opt/homebrew/Cellar/avr-gcc@9/9.3.0_3/lib/avr-gcc/9/gcc/avr/9.3.0/../../../../../../avr/lib/avr5/libatmega32u4.a(eeupd_dword.o)
                0x000000000000518a                eeprom_update_dword
                0x000000000000518a                eeprom_update_float
 .text.avr-libc
                0x00000000000051a2        0xc /opt/homebrew/Cellar/avr-gcc@9/9.3.0_3/lib/avr-gcc/9/gcc/avr/9.3.0/../../../../../../avr/lib/avr5/libatmega32u4.a(eeupd_word.o)
                0x00000000000051a2                eeprom_update_word
 .text.avr-libc
                0x00000000000051ae       0x20 /opt/homebrew/Cellar/avr-gcc@9/9.3.0_3/lib/avr-gcc/9/gcc/avr/9.3.0/../../../../../../avr/lib/avr5/libatmega32u4.a(eerd_block.o)
                0x00000000000051ae                eeprom_read_block
                0x00000000000051b2                eeprom_read_blraw
                0x00000000000051ce                . = ALIGN (0x2)
 *(.fini9)
 .fini9         0x00000000000051ce        0x0 /opt/homebrew/Cellar/avr-gcc@9/9.3.0_3/lib/avr-gcc/9/gcc/avr/9.3.0/avr5/libgcc.a(_exit.o)
                0x00000000000051ce                exit
                0x00000000000051ce                _exit
 *(.fini9)
 *(.fini8)
 *(.fini8)
 *(.fini7)
 *(.fini7)
 *(.fini6)
 *(.fini6)
 *(.fini5)
 *(.fini5)
 *(.fini4)
 *(.fini4)
 *(.fini3)
 *(.fini3)
 *(.fini2)
 *(.fini2)
 *(.fini1)
 *(.fini1)
 *(.fini0)
 .fini0         0x00000000000051ce        0x4 /opt/homebrew/Cellar/avr-gcc@9/9.3.0_3/lib/avr-gcc/9/gcc/avr/9.3.0/avr5/libgcc.a(_exit.o)
 *(.fini0)
 *(.hightext)
 *(.hightext*)
 *(.progmemx.*)
                0x00000000000051d2                . = ALIGN (0x2)
 *(.jumptables)
 *(.jumptables*)
 .jumptables.gcc.process_record_quantum
                0x00000000000051d2       0x36 .build/obj_kb_default/quantum/quantum.o
 .jumptables.gcc.process_action
                0x0000000000005208       0x20 .build/obj_kb_default/common/action.o
 .jumptables.gcc.USB_Device_ProcessControlRequest
                0x0000000000005228       0x14 .build/obj_kb_default/protocol/lufa/LUFA-git/LUFA/Drivers/USB/Core/DeviceStandardReq.o
                0x000000000000523c                _etext = .

.data           0x0000000000800100       0x68 load address 0x000000000000523c
                0x0000000000800100                PROVIDE (__data_start = .)
 *(.data)
 *(.data*)
 .data.tap_dance_actions
                0x0000000000800100       0x30 .build/obj_kb_default/keyboards/kb/keymaps/default/keymap.o
                0x0000000000800100                tap_dance_actions
 .data.__compound_literal.2
                0x0000000000800130        0x4 .build/obj_kb_default/keyboards/kb/keymaps/default/keymap.o
 .data.__compound_literal.1
                0x0000000000800134        0x4 .build/obj_kb_default/keyboards/kb/keymaps/default/keymap.o
 .data.__compound_literal.0
                0x0000000000800138        0x4 .build/obj_kb_default/keyboards/kb/keymaps/default/keymap.o
 .data.increment.2236
                0x000000000080013c        0x1 .build/obj_kb_default/quantum/rgblight.o
 .data.highest_td
                0x000000000080013d        0x1 .build/obj_kb_default/quantum/process_keycode/process_tap_dance.o
 .data.keyboard_report
                0x000000000080013e        0x2 .build/obj_kb_default/common/action_util.o
                0x000000000080013e                keyboard_report
 .data.mk_wheel_time_to_max
                0x0000000000800140        0x1 .build/obj_kb_default/common/mousekey.o
                0x0000000000800140                mk_wheel_time_to_max
 .data.mk_wheel_max_speed
                0x0000000000800141        0x1 .build/obj_kb_default/common/mousekey.o
                0x0000000000800141                mk_wheel_max_speed
 .data.mk_time_to_max
                0x0000000000800142        0x1 .build/obj_kb_default/common/mousekey.o
                0x0000000000800142                mk_time_to_max
 .data.mk_max_speed
                0x0000000000800143        0x1 .build/obj_kb_default/common/mousekey.o
                0x0000000000800143                mk_max_speed
 .data.mk_interval
                0x0000000000800144        0x1 .build/obj_kb_default/common/mousekey.o
                0x0000000000800144                mk_interval
 .data.mk_delay
                0x0000000000800145        0x1 .build/obj_kb_default/common/mousekey.o
                0x0000000000800145                mk_delay
 .data.lufa_driver
                0x0000000000800146        0xa .build/obj_kb_default/lufa.o
                0x0000000000800146                lufa_driver
 .data.keyboard_protocol
                0x0000000000800150        0x1 .build/obj_kb_default/lufa.o
                0x0000000000800150                keyboard_protocol
 *(.gnu.linkonce.d*)
 *(.rodata)
 *(.rodata*)
 .rodata.col_pins
                0x0000000000800151        0x3 .build/obj_kb_default/quantum/matrix.o
 .rodata.CSWTCH.3
                0x0000000000800154        0x4 .build/obj_kb_default/descriptor.o
 .rodata.CSWTCH.2
                0x0000000000800158        0x8 .build/obj_kb_default/descriptor.o
 .rodata.CSWTCH.1
                0x0000000000800160        0x8 .build/obj_kb_default/descriptor.o
 *(.gnu.linkonce.r*)
                0x0000000000800168                . = ALIGN (0x2)
                0x0000000000800168                _edata = .
                0x0000000000800168                PROVIDE (__data_end = .)

.bss            0x0000000000800168       0xf2
                0x0000000000800168                PROVIDE (__bss_start = .)
 *(.bss)
 *(.bss*)
 .bss.scs_timer
                0x0000000000800168        0x2 .build/obj_kb_default/quantum/quantum.o
 .bss.shift_interrupted
                0x000000000080016a        0x2 .build/obj_kb_default/quantum/quantum.o
 .bss.leader_sequence_size
                0x000000000080016c        0x1 .build/obj_kb_default/quantum/process_keycode/process_leader.o
                0x000000000080016c                leader_sequence_size
 .bss.leader_sequence
                0x000000000080016d        0xa .build/obj_kb_default/quantum/process_keycode/process_leader.o
                0x000000000080016d                leader_sequence
 .bss.leader_time
                0x0000000000800177        0x2 .build/obj_kb_default/quantum/process_keycode/process_leader.o
                0x0000000000800177                leader_time
 .bss.leading   0x0000000000800179        0x1 .build/obj_kb_default/quantum/process_keycode/process_leader.o
                0x0000000000800179                leading
 .bss.matrix_debouncing
                0x000000000080017a        0x1 .build/obj_kb_default/quantum/matrix.o
 .bss.matrix    0x000000000080017b        0x1 .build/obj_kb_default/quantum/matrix.o
 .bss.debouncing
                0x000000000080017c        0x1 .build/obj_kb_default/quantum/matrix.o
 .bss.debouncing_time
                0x000000000080017d        0x2 .build/obj_kb_default/quantum/matrix.o
 .bss.current_offset.2252
                0x000000000080017f        0x2 .build/obj_kb_default/quantum/rgblight.o
 .bss.last_timer.2253
                0x0000000000800181        0x2 .build/obj_kb_default/quantum/rgblight.o
 .bss.pos.2229  0x0000000000800183        0x1 .build/obj_kb_default/quantum/rgblight.o
 .bss.last_timer.2230
                0x0000000000800184        0x2 .build/obj_kb_default/quantum/rgblight.o
 .bss.pos.2211  0x0000000000800186        0x1 .build/obj_kb_default/quantum/rgblight.o
 .bss.last_timer.2212
                0x0000000000800187        0x2 .build/obj_kb_default/quantum/rgblight.o
 .bss.current_hue.2198
                0x0000000000800189        0x2 .build/obj_kb_default/quantum/rgblight.o
 .bss.last_timer.2199
                0x000000000080018b        0x2 .build/obj_kb_default/quantum/rgblight.o
 .bss.current_hue.2190
                0x000000000080018d        0x2 .build/obj_kb_default/quantum/rgblight.o
 .bss.last_timer.2191
                0x000000000080018f        0x2 .build/obj_kb_default/quantum/rgblight.o
 .bss.pos.2179  0x0000000000800191        0x1 .build/obj_kb_default/quantum/rgblight.o
 .bss.last_timer.2180
                0x0000000000800192        0x2 .build/obj_kb_default/quantum/rgblight.o
 .bss.rgblight_timer_enabled
                0x0000000000800194        0x1 .build/obj_kb_default/quantum/rgblight.o
                0x0000000000800194                rgblight_timer_enabled
 .bss.rgblight_inited
                0x0000000000800195        0x1 .build/obj_kb_default/quantum/rgblight.o
                0x0000000000800195                rgblight_inited
 .bss.last_td   0x0000000000800196        0x2 .build/obj_kb_default/quantum/process_keycode/process_tap_dance.o
 .bss.last_consumer_report
                0x0000000000800198        0x2 .build/obj_kb_default/common/host.o
 .bss.last_system_report
                0x000000000080019a        0x2 .build/obj_kb_default/common/host.o
 .bss.driver    0x000000000080019c        0x2 .build/obj_kb_default/common/host.o
 .bss.led_status.5088
                0x000000000080019e        0x1 .build/obj_kb_default/common/keyboard.o
 .bss.matrix_prev.5087
                0x000000000080019f        0x1 .build/obj_kb_default/common/keyboard.o
 .bss.disable_action_cache
                0x00000000008001a0        0x1 .build/obj_kb_default/common/action.o
                0x00000000008001a0                disable_action_cache
 .bss.waiting_buffer_tail
                0x00000000008001a1        0x1 .build/obj_kb_default/common/action_tapping.o
 .bss.waiting_buffer_head
                0x00000000008001a2        0x1 .build/obj_kb_default/common/action_tapping.o
 .bss.waiting_buffer
                0x00000000008001a3       0x30 .build/obj_kb_default/common/action_tapping.o
 .bss.tapping_key
                0x00000000008001d3        0x6 .build/obj_kb_default/common/action_tapping.o
 .bss.source_layers_cache
                0x00000000008001d9        0x5 .build/obj_kb_default/common/action_layer.o
                0x00000000008001d9                source_layers_cache
 .bss.layer_state
                0x00000000008001de        0x4 .build/obj_kb_default/common/action_layer.o
                0x00000000008001de                layer_state
 .bss.default_layer_state
                0x00000000008001e2        0x4 .build/obj_kb_default/common/action_layer.o
                0x00000000008001e2                default_layer_state
 .bss.oneshot_layer_data
                0x00000000008001e6        0x1 .build/obj_kb_default/common/action_util.o
 .bss.oneshot_mods
                0x00000000008001e7        0x1 .build/obj_kb_default/common/action_util.o
 .bss.__compound_literal.0
                0x00000000008001e8       0x20 .build/obj_kb_default/common/action_util.o
 .bss.macro_mods
                0x0000000000800208        0x1 .build/obj_kb_default/common/action_util.o
 .bss.weak_mods
                0x0000000000800209        0x1 .build/obj_kb_default/common/action_util.o
 .bss.real_mods
                0x000000000080020a        0x1 .build/obj_kb_default/common/action_util.o
 .bss.debug_config
                0x000000000080020b        0x1 .build/obj_kb_default/common/debug.o
                0x000000000080020b                debug_config
 .bss.wdt_timeout
                0x000000000080020c        0x1 .build/obj_kb_default/common/avr/suspend.o
 .bss.last_timer
                0x000000000080020d        0x2 .build/obj_kb_default/common/mousekey.o
 .bss.mousekey_accel
                0x000000000080020f        0x1 .build/obj_kb_default/common/mousekey.o
 .bss.mousekey_repeat
                0x0000000000800210        0x1 .build/obj_kb_default/common/mousekey.o
 .bss.mouse_report
                0x0000000000800211        0x5 .build/obj_kb_default/common/mousekey.o
 .bss.keyboard_report_sent
                0x0000000000800216       0x20 .build/obj_kb_default/lufa.o
 .bss.keyboard_led_stats
                0x0000000000800236        0x1 .build/obj_kb_default/lufa.o
 .bss.keyboard_idle
                0x0000000000800237        0x1 .build/obj_kb_default/lufa.o
                0x0000000000800237                keyboard_idle
 *(COMMON)
 COMMON         0x0000000000800238        0xe .build/obj_kb_default/quantum/rgblight.o
                0x0000000000800238                rgblight_config
                0x000000000080023c                inmem_config
                0x0000000000800240                led
 COMMON         0x0000000000800246        0x4 .build/obj_kb_default/common/avr/timer.o
                0x0000000000800246                timer_count
 COMMON         0x000000000080024a        0x2 .build/obj_kb_default/common/bootmagic.o
                0x000000000080024a                keymap_config
 COMMON         0x000000000080024c        0x1 .build/obj_kb_default/common/backlight.o
                0x000000000080024c                backlight_config
 COMMON         0x000000000080024d        0x3 .build/obj_kb_default/protocol/lufa/LUFA-git/LUFA/Drivers/USB/Core/DeviceStandardReq.o
                0x000000000080024d                USB_Device_ConfigurationNumber
                0x000000000080024e                USB_Device_CurrentlySelfPowered
                0x000000000080024f                USB_Device_RemoteWakeupEnabled
 COMMON         0x0000000000800250        0xa .build/obj_kb_default/protocol/lufa/LUFA-git/LUFA/Drivers/USB/Core/USBTask.o
                0x0000000000800250                USB_IsInitialized
                0x0000000000800251                USB_DeviceState
                0x0000000000800252                USB_ControlRequest
                0x000000000080025a                PROVIDE (__bss_end = .)
                0x000000000000523c                __data_load_start = LOADADDR (.data)
                0x00000000000052a4                __data_load_end = (__data_load_start + SIZEOF (.data))

.noinit         0x000000000080025a        0x4
                [!provide]                        PROVIDE (__noinit_start = .)
 *(.noinit .noinit.* .gnu.linkonce.n.*)
 .noinit        0x000000000080025a        0x4 .build/obj_kb_default/common/avr/bootloader.o
                0x000000000080025a                reset_key
                [!provide]                        PROVIDE (__noinit_end = .)
                0x000000000080025e                _end = .
                [!provide]                        PROVIDE (__heap_start = .)

.eeprom         0x0000000000810000        0x0
 *(.eeprom*)
                0x0000000000810000                __eeprom_end = .

.fuse
 *(.fuse)
 *(.lfuse)
 *(.hfuse)
 *(.efuse)

.lock
 *(.lock*)

.signature
 *(.signature*)

.stab
 *(.stab)

.stabstr        0x0000000000000000       0x9c
 *(.stabstr)
 .stabstr       0x0000000000000000       0x9c .build/obj_kb_default/common/avr/xprintf.o

.stab.excl
 *(.stab.excl)

.stab.exclstr
 *(.stab.exclstr)

.stab.index
 *(.stab.index)

.stab.indexstr
 *(.stab.indexstr)

.comment        0x0000000000000000       0x26
 *(.comment)
 .comment       0x0000000000000000       0x26 .build/obj_kb_default/keyboards/kb/keymaps/default/keymap.o
                                         0x27 (size before relaxing)
 .comment       0x0000000000000026       0x27 .build/obj_kb_default/quantum/quantum.o
 .comment       0x0000000000000026       0x27 .build/obj_kb_default/quantum/keymap_common.o
 .comment       0x0000000000000026       0x27 .build/obj_kb_default/quantum/keycode_config.o
 .comment       0x0000000000000026       0x27 .build/obj_kb_default/quantum/process_keycode/process_leader.o
 .comment       0x0000000000000026       0x27 .build/obj_kb_default/quantum/matrix.o
 .comment       0x0000000000000026       0x27 .build/obj_kb_default/quantum/light_ws2812.o
 .comment       0x0000000000000026       0x27 .build/obj_kb_default/quantum/rgblight.o
 .comment       0x0000000000000026       0x27 .build/obj_kb_default/quantum/process_keycode/process_tap_dance.o
 .comment       0x0000000000000026       0x27 .build/obj_kb_default/common/host.o
 .comment       0x0000000000000026       0x27 .build/obj_kb_default/common/keyboard.o
 .comment       0x0000000000000026       0x27 .build/obj_kb_default/common/action.o
 .comment       0x0000000000000026       0x27 .build/obj_kb_default/common/action_tapping.o
 .comment       0x0000000000000026       0x27 .build/obj_kb_default/common/action_macro.o
 .comment       0x0000000000000026       0x27 .build/obj_kb_default/common/action_layer.o
 .comment       0x0000000000000026       0x27 .build/obj_kb_default/common/action_util.o
 .comment       0x0000000000000026       0x27 .build/obj_kb_default/common/debug.o
 .comment       0x0000000000000026       0x27 .build/obj_kb_default/common/eeconfig.o
 .comment       0x0000000000000026       0x27 .build/obj_kb_default/common/avr/suspend.o
 .comment       0x0000000000000026       0x27 .build/obj_kb_default/common/avr/timer.o
 .comment       0x0000000000000026       0x27 .build/obj_kb_default/common/avr/bootloader.o
 .comment       0x0000000000000026       0x27 .build/obj_kb_default/common/bootmagic.o
 .comment       0x0000000000000026       0x27 .build/obj_kb_default/common/mousekey.o
 .comment       0x0000000000000026       0x27 .build/obj_kb_default/common/backlight.o
 .comment       0x0000000000000026       0x27 .build/obj_kb_default/lufa.o
 .comment       0x0000000000000026       0x27 .build/obj_kb_default/descriptor.o
 .comment       0x0000000000000026       0x27 .build/obj_kb_default/protocol/lufa/LUFA-git/LUFA/Drivers/USB/Core/AVR8/Device_AVR8.o
 .comment       0x0000000000000026       0x27 .build/obj_kb_default/protocol/lufa/LUFA-git/LUFA/Drivers/USB/Core/AVR8/EndpointStream_AVR8.o
 .comment       0x0000000000000026       0x27 .build/obj_kb_default/protocol/lufa/LUFA-git/LUFA/Drivers/USB/Core/AVR8/Endpoint_AVR8.o
 .comment       0x0000000000000026       0x27 .build/obj_kb_default/protocol/lufa/LUFA-git/LUFA/Drivers/USB/Core/AVR8/USBController_AVR8.o
 .comment       0x0000000000000026       0x27 .build/obj_kb_default/protocol/lufa/LUFA-git/LUFA/Drivers/USB/Core/AVR8/USBInterrupt_AVR8.o
 .comment       0x0000000000000026       0x27 .build/obj_kb_default/protocol/lufa/LUFA-git/LUFA/Drivers/USB/Core/DeviceStandardReq.o
 .comment       0x0000000000000026       0x27 .build/obj_kb_default/protocol/lufa/LUFA-git/LUFA/Drivers/USB/Core/Events.o
 .comment       0x0000000000000026       0x27 .build/obj_kb_default/protocol/lufa/LUFA-git/LUFA/Drivers/USB/Core/USBTask.o

.note.gnu.avr.deviceinfo
                0x0000000000000000       0x40
 .note.gnu.avr.deviceinfo
                0x0000000000000000       0x40 /opt/homebrew/Cellar/avr-gcc@9/9.3.0_3/lib/avr-gcc/9/gcc/avr/9.3.0/../../../../../../avr/lib/avr5/crtatmega32u4.o

.note.gnu.build-id
 *(.note.gnu.build-id)

.debug
 *(.debug)

.line
 *(.line)

.debug_srcinfo
 *(.debug_srcinfo)

.debug_sfnames
 *(.debug_sfnames)

.debug_aranges  0x0000000000000000      0xca0
 *(.debug_aranges)
 .debug_aranges
                0x0000000000000000       0x38 .build/obj_kb_default/keyboards/kb/keymaps/default/keymap.o
 .debug_aranges
                0x0000000000000038       0xd8 .build/obj_kb_default/quantum/quantum.o
 .debug_aranges
                0x0000000000000110       0x40 .build/obj_kb_default/quantum/keymap_common.o
 .debug_aranges
                0x0000000000000150       0x20 .build/obj_kb_default/quantum/keycode_config.o
 .debug_aranges
                0x0000000000000170       0x28 .build/obj_kb_default/quantum/process_keycode/process_leader.o
 .debug_aranges
                0x0000000000000198       0x88 .build/obj_kb_default/quantum/matrix.o
 .debug_aranges
                0x0000000000000220       0x40 .build/obj_kb_default/quantum/light_ws2812.o
 .debug_aranges
                0x0000000000000260      0x128 .build/obj_kb_default/quantum/rgblight.o
 .debug_aranges
                0x0000000000000388       0x48 .build/obj_kb_default/quantum/process_keycode/process_tap_dance.o
 .debug_aranges
                0x00000000000003d0       0x60 .build/obj_kb_default/common/host.o
 .debug_aranges
                0x0000000000000430       0x40 .build/obj_kb_default/common/keyboard.o
 .debug_aranges
                0x0000000000000470       0x90 .build/obj_kb_default/common/action.o
 .debug_aranges
                0x0000000000000500       0x40 .build/obj_kb_default/common/action_tapping.o
 .debug_aranges
                0x0000000000000540       0x20 .build/obj_kb_default/common/action_macro.o
 .debug_aranges
                0x0000000000000560       0xa8 .build/obj_kb_default/common/action_layer.o
 .debug_aranges
                0x0000000000000608      0x128 .build/obj_kb_default/common/action_util.o
 .debug_aranges
                0x0000000000000730       0x18 .build/obj_kb_default/common/debug.o
 .debug_aranges
                0x0000000000000748       0x78 .build/obj_kb_default/common/eeconfig.o
 .debug_aranges
                0x00000000000007c0       0x48 .build/obj_kb_default/common/avr/suspend.o
 .debug_aranges
                0x0000000000000808       0x50 .build/obj_kb_default/common/avr/timer.o
 .debug_aranges
                0x0000000000000858       0x28 .build/obj_kb_default/common/avr/bootloader.o
 .debug_aranges
                0x0000000000000880       0x30 .build/obj_kb_default/common/bootmagic.o
 .debug_aranges
                0x00000000000008b0       0x50 .build/obj_kb_default/common/mousekey.o
 .debug_aranges
                0x0000000000000900       0x50 .build/obj_kb_default/common/backlight.o
 .debug_aranges
                0x0000000000000950       0x80 .build/obj_kb_default/lufa.o
 .debug_aranges
                0x00000000000009d0       0x20 .build/obj_kb_default/descriptor.o
 .debug_aranges
                0x00000000000009f0       0x20 .build/obj_kb_default/protocol/lufa/LUFA-git/LUFA/Drivers/USB/Core/AVR8/Device_AVR8.o
 .debug_aranges
                0x0000000000000a10       0xc8 .build/obj_kb_default/protocol/lufa/LUFA-git/LUFA/Drivers/USB/Core/AVR8/EndpointStream_AVR8.o
 .debug_aranges
                0x0000000000000ad8       0x40 .build/obj_kb_default/protocol/lufa/LUFA-git/LUFA/Drivers/USB/Core/AVR8/Endpoint_AVR8.o
 .debug_aranges
                0x0000000000000b18       0x30 .build/obj_kb_default/protocol/lufa/LUFA-git/LUFA/Drivers/USB/Core/AVR8/USBController_AVR8.o
 .debug_aranges
                0x0000000000000b48       0x38 .build/obj_kb_default/protocol/lufa/LUFA-git/LUFA/Drivers/USB/Core/AVR8/USBInterrupt_AVR8.o
 .debug_aranges
                0x0000000000000b80       0x20 .build/obj_kb_default/protocol/lufa/LUFA-git/LUFA/Drivers/USB/Core/DeviceStandardReq.o
 .debug_aranges
                0x0000000000000ba0       0x20 .build/obj_kb_default/protocol/lufa/LUFA-git/LUFA/Drivers/USB/Core/Events.o
 .debug_aranges
                0x0000000000000bc0       0x20 .build/obj_kb_default/protocol/lufa/LUFA-git/LUFA/Drivers/USB/Core/USBTask.o
 .debug_aranges
                0x0000000000000be0       0x20 /opt/homebrew/Cellar/avr-gcc@9/9.3.0_3/lib/avr-gcc/9/gcc/avr/9.3.0/avr5/libgcc.a(_udivmodhi4.o)
 .debug_aranges
                0x0000000000000c00       0x20 /opt/homebrew/Cellar/avr-gcc@9/9.3.0_3/lib/avr-gcc/9/gcc/avr/9.3.0/avr5/libgcc.a(_divmodhi4.o)
 .debug_aranges
                0x0000000000000c20       0x20 /opt/homebrew/Cellar/avr-gcc@9/9.3.0_3/lib/avr-gcc/9/gcc/avr/9.3.0/avr5/libgcc.a(_exit.o)
 .debug_aranges
                0x0000000000000c40       0x20 /opt/homebrew/Cellar/avr-gcc@9/9.3.0_3/lib/avr-gcc/9/gcc/avr/9.3.0/avr5/libgcc.a(_tablejump2.o)
 .debug_aranges
                0x0000000000000c60       0x20 /opt/homebrew/Cellar/avr-gcc@9/9.3.0_3/lib/avr-gcc/9/gcc/avr/9.3.0/avr5/libgcc.a(_copy_data.o)
 .debug_aranges
                0x0000000000000c80       0x20 /opt/homebrew/Cellar/avr-gcc@9/9.3.0_3/lib/avr-gcc/9/gcc/avr/9.3.0/avr5/libgcc.a(_clear_bss.o)

.debug_pubnames
 *(.debug_pubnames)

.debug_info     0x0000000000000000    0x18c13
 *(.debug_info .gnu.linkonce.wi.*)
 .debug_info    0x0000000000000000      0x9f4 /opt/homebrew/Cellar/avr-gcc@9/9.3.0_3/lib/avr-gcc/9/gcc/avr/9.3.0/../../../../../../avr/lib/avr5/crtatmega32u4.o
 .debug_info    0x00000000000009f4     0x12b1 .build/obj_kb_default/keyboards/kb/keymaps/default/keymap.o
 .debug_info    0x0000000000001ca5     0x1d87 .build/obj_kb_default/quantum/quantum.o
 .debug_info    0x0000000000003a2c     0x1831 .build/obj_kb_default/quantum/keymap_common.o
 .debug_info    0x000000000000525d      0x595 .build/obj_kb_default/quantum/keycode_config.o
 .debug_info    0x00000000000057f2      0xc4d .build/obj_kb_default/quantum/process_keycode/process_leader.o
 .debug_info    0x000000000000643f      0x7ee .build/obj_kb_default/quantum/matrix.o
 .debug_info    0x0000000000006c2d      0x4a7 .build/obj_kb_default/quantum/light_ws2812.o
 .debug_info    0x00000000000070d4     0x1445 .build/obj_kb_default/quantum/rgblight.o
 .debug_info    0x0000000000008519     0x1049 .build/obj_kb_default/quantum/process_keycode/process_tap_dance.o
 .debug_info    0x0000000000009562      0x6b0 .build/obj_kb_default/common/host.o
 .debug_info    0x0000000000009c12      0x909 .build/obj_kb_default/common/keyboard.o
 .debug_info    0x000000000000a51b     0x1d46 .build/obj_kb_default/common/action.o
 .debug_info    0x000000000000c261      0xf52 .build/obj_kb_default/common/action_tapping.o
 .debug_info    0x000000000000d1b3      0xb19 .build/obj_kb_default/common/action_macro.o
 .debug_info    0x000000000000dccc      0xc1b .build/obj_kb_default/common/action_layer.o
 .debug_info    0x000000000000e8e7      0xcf0 .build/obj_kb_default/common/action_util.o
 .debug_info    0x000000000000f5d7      0x110 .build/obj_kb_default/common/debug.o
 .debug_info    0x000000000000f6e7      0x451 .build/obj_kb_default/common/eeconfig.o
 .debug_info    0x000000000000fb38      0x6f8 .build/obj_kb_default/common/avr/suspend.o
 .debug_info    0x0000000000010230      0x42c .build/obj_kb_default/common/avr/timer.o
 .debug_info    0x000000000001065c      0x3e1 .build/obj_kb_default/common/avr/bootloader.o
 .debug_info    0x0000000000010a3d      0xd6d .build/obj_kb_default/common/bootmagic.o
 .debug_info    0x00000000000117aa      0x836 .build/obj_kb_default/common/mousekey.o
 .debug_info    0x0000000000011fe0      0x317 .build/obj_kb_default/common/backlight.o
 .debug_info    0x00000000000122f7     0x17ca .build/obj_kb_default/lufa.o
 .debug_info    0x0000000000013ac1      0x9e8 .build/obj_kb_default/descriptor.o
 .debug_info    0x00000000000144a9      0x1c0 .build/obj_kb_default/protocol/lufa/LUFA-git/LUFA/Drivers/USB/Core/AVR8/Device_AVR8.o
 .debug_info    0x0000000000014669     0x1d9a .build/obj_kb_default/protocol/lufa/LUFA-git/LUFA/Drivers/USB/Core/AVR8/EndpointStream_AVR8.o
 .debug_info    0x0000000000016403      0x75d .build/obj_kb_default/protocol/lufa/LUFA-git/LUFA/Drivers/USB/Core/AVR8/Endpoint_AVR8.o
 .debug_info    0x0000000000016b60      0x606 .build/obj_kb_default/protocol/lufa/LUFA-git/LUFA/Drivers/USB/Core/AVR8/USBController_AVR8.o
 .debug_info    0x0000000000017166      0xa43 .build/obj_kb_default/protocol/lufa/LUFA-git/LUFA/Drivers/USB/Core/AVR8/USBInterrupt_AVR8.o
 .debug_info    0x0000000000017ba9      0xc1c .build/obj_kb_default/protocol/lufa/LUFA-git/LUFA/Drivers/USB/Core/DeviceStandardReq.o
 .debug_info    0x00000000000187c5       0x79 .build/obj_kb_default/protocol/lufa/LUFA-git/LUFA/Drivers/USB/Core/Events.o
 .debug_info    0x000000000001883e      0x2f1 .build/obj_kb_default/protocol/lufa/LUFA-git/LUFA/Drivers/USB/Core/USBTask.o
 .debug_info    0x0000000000018b2f       0x26 /opt/homebrew/Cellar/avr-gcc@9/9.3.0_3/lib/avr-gcc/9/gcc/avr/9.3.0/avr5/libgcc.a(_udivmodhi4.o)
 .debug_info    0x0000000000018b55       0x26 /opt/homebrew/Cellar/avr-gcc@9/9.3.0_3/lib/avr-gcc/9/gcc/avr/9.3.0/avr5/libgcc.a(_divmodhi4.o)
 .debug_info    0x0000000000018b7b       0x26 /opt/homebrew/Cellar/avr-gcc@9/9.3.0_3/lib/avr-gcc/9/gcc/avr/9.3.0/avr5/libgcc.a(_exit.o)
 .debug_info    0x0000000000018ba1       0x26 /opt/homebrew/Cellar/avr-gcc@9/9.3.0_3/lib/avr-gcc/9/gcc/avr/9.3.0/avr5/libgcc.a(_tablejump2.o)
 .debug_info    0x0000000000018bc7       0x26 /opt/homebrew/Cellar/avr-gcc@9/9.3.0_3/lib/avr-gcc/9/gcc/avr/9.3.0/avr5/libgcc.a(_copy_data.o)
 .debug_info    0x0000000000018bed       0x26 /opt/homebrew/Cellar/avr-gcc@9/9.3.0_3/lib/avr-gcc/9/gcc/avr/9.3.0/avr5/libgcc.a(_clear_bss.o)

.debug_abbrev   0x0000000000000000     0x5e54
 *(.debug_abbrev)
 .debug_abbrev  0x0000000000000000      0x96a /opt/homebrew/Cellar/avr-gcc@9/9.3.0_3/lib/avr-gcc/9/gcc/avr/9.3.0/../../../../../../avr/lib/avr5/crtatmega32u4.o
 .debug_abbrev  0x000000000000096a      0x284 .build/obj_kb_default/keyboards/kb/keymaps/default/keymap.o
 .debug_abbrev  0x0000000000000bee      0x4b5 .build/obj_kb_default/quantum/quantum.o
 .debug_abbrev  0x00000000000010a3      0x2c2 .build/obj_kb_default/quantum/keymap_common.o
 .debug_abbrev  0x0000000000001365       0xe7 .build/obj_kb_default/quantum/keycode_config.o
 .debug_abbrev  0x000000000000144c      0x229 .build/obj_kb_default/quantum/process_keycode/process_leader.o
 .debug_abbrev  0x0000000000001675      0x3ec .build/obj_kb_default/quantum/matrix.o
 .debug_abbrev  0x0000000000001a61      0x1b7 .build/obj_kb_default/quantum/light_ws2812.o
 .debug_abbrev  0x0000000000001c18      0x432 .build/obj_kb_default/quantum/rgblight.o
 .debug_abbrev  0x000000000000204a      0x364 .build/obj_kb_default/quantum/process_keycode/process_tap_dance.o
 .debug_abbrev  0x00000000000023ae      0x231 .build/obj_kb_default/common/host.o
 .debug_abbrev  0x00000000000025df      0x2c6 .build/obj_kb_default/common/keyboard.o
 .debug_abbrev  0x00000000000028a5      0x3aa .build/obj_kb_default/common/action.o
 .debug_abbrev  0x0000000000002c4f      0x354 .build/obj_kb_default/common/action_tapping.o
 .debug_abbrev  0x0000000000002fa3      0x27b .build/obj_kb_default/common/action_macro.o
 .debug_abbrev  0x000000000000321e      0x2de .build/obj_kb_default/common/action_layer.o
 .debug_abbrev  0x00000000000034fc      0x3be .build/obj_kb_default/common/action_util.o
 .debug_abbrev  0x00000000000038ba       0xa2 .build/obj_kb_default/common/debug.o
 .debug_abbrev  0x000000000000395c       0xcf .build/obj_kb_default/common/eeconfig.o
 .debug_abbrev  0x0000000000003a2b      0x316 .build/obj_kb_default/common/avr/suspend.o
 .debug_abbrev  0x0000000000003d41      0x1c3 .build/obj_kb_default/common/avr/timer.o
 .debug_abbrev  0x0000000000003f04      0x236 .build/obj_kb_default/common/avr/bootloader.o
 .debug_abbrev  0x000000000000413a      0x2ea .build/obj_kb_default/common/bootmagic.o
 .debug_abbrev  0x0000000000004424      0x261 .build/obj_kb_default/common/mousekey.o
 .debug_abbrev  0x0000000000004685      0x125 .build/obj_kb_default/common/backlight.o
 .debug_abbrev  0x00000000000047aa      0x4db .build/obj_kb_default/lufa.o
 .debug_abbrev  0x0000000000004c85      0x1f6 .build/obj_kb_default/descriptor.o
 .debug_abbrev  0x0000000000004e7b       0xcb .build/obj_kb_default/protocol/lufa/LUFA-git/LUFA/Drivers/USB/Core/AVR8/Device_AVR8.o
 .debug_abbrev  0x0000000000004f46      0x232 .build/obj_kb_default/protocol/lufa/LUFA-git/LUFA/Drivers/USB/Core/AVR8/EndpointStream_AVR8.o
 .debug_abbrev  0x0000000000005178      0x29d .build/obj_kb_default/protocol/lufa/LUFA-git/LUFA/Drivers/USB/Core/AVR8/Endpoint_AVR8.o
 .debug_abbrev  0x0000000000005415      0x1f5 .build/obj_kb_default/protocol/lufa/LUFA-git/LUFA/Drivers/USB/Core/AVR8/USBController_AVR8.o
 .debug_abbrev  0x000000000000560a      0x2a5 .build/obj_kb_default/protocol/lufa/LUFA-git/LUFA/Drivers/USB/Core/AVR8/USBInterrupt_AVR8.o
 .debug_abbrev  0x00000000000058af      0x33d .build/obj_kb_default/protocol/lufa/LUFA-git/LUFA/Drivers/USB/Core/DeviceStandardReq.o
 .debug_abbrev  0x0000000000005bec       0x46 .build/obj_kb_default/protocol/lufa/LUFA-git/LUFA/Drivers/USB/Core/Events.o
 .debug_abbrev  0x0000000000005c32      0x1aa .build/obj_kb_default/protocol/lufa/LUFA-git/LUFA/Drivers/USB/Core/USBTask.o
 .debug_abbrev  0x0000000000005ddc       0x14 /opt/homebrew/Cellar/avr-gcc@9/9.3.0_3/lib/avr-gcc/9/gcc/avr/9.3.0/avr5/libgcc.a(_udivmodhi4.o)
 .debug_abbrev  0x0000000000005df0       0x14 /opt/homebrew/Cellar/avr-gcc@9/9.3.0_3/lib/avr-gcc/9/gcc/avr/9.3.0/avr5/libgcc.a(_divmodhi4.o)
 .debug_abbrev  0x0000000000005e04       0x14 /opt/homebrew/Cellar/avr-gcc@9/9.3.0_3/lib/avr-gcc/9/gcc/avr/9.3.0/avr5/libgcc.a(_exit.o)
 .debug_abbrev  0x0000000000005e18       0x14 /opt/homebrew/Cellar/avr-gcc@9/9.3.0_3/lib/avr-gcc/9/gcc/avr/9.3.0/avr5/libgcc.a(_tablejump2.o)
 .debug_abbrev  0x0000000000005e2c       0x14 /opt/homebrew/Cellar/avr-gcc@9/9.3.0_3/lib/avr-gcc/9/gcc/avr/9.3.0/avr5/libgcc.a(_copy_data.o)
 .debug_abbrev  0x0000000000005e40       0x14 /opt/homebrew/Cellar/avr-gcc@9/9.3.0_3/lib/avr-gcc/9/gcc/avr/9.3.0/avr5/libgcc.a(_clear_bss.o)

.debug_line     0x0000000000000000    0x14c0c
 *(.debug_line .debug_line.* .debug_line_end)
 .debug_line    0x0000000000000000       0x1d /opt/homebrew/Cellar/avr-gcc@9/9.3.0_3/lib/avr-gcc/9/gcc/avr/9.3.0/../../../../../../avr/lib/avr5/crtatmega32u4.o
 .debug_line    0x000000000000001d      0x3be .build/obj_kb_default/keyboards/kb/keymaps/default/keymap.o
 .debug_line    0x00000000000003db     0x11e3 .build/obj_kb_default/quantum/quantum.o
 .debug_line    0x00000000000015be      0x8b9 .build/obj_kb_default/quantum/keymap_common.o
 .debug_line    0x0000000000001e77      0x298 .build/obj_kb_default/quantum/keycode_config.o
 .debug_line    0x000000000000210f      0x469 .build/obj_kb_default/quantum/process_keycode/process_leader.o
 .debug_line    0x0000000000002578      0x739 .build/obj_kb_default/quantum/matrix.o
 .debug_line    0x0000000000002cb1      0x307 .build/obj_kb_default/quantum/light_ws2812.o
 .debug_line    0x0000000000002fb8     0x1c9b .build/obj_kb_default/quantum/rgblight.o
 .debug_line    0x0000000000004c53      0x88d .build/obj_kb_default/quantum/process_keycode/process_tap_dance.o
 .debug_line    0x00000000000054e0      0x3b3 .build/obj_kb_default/common/host.o
 .debug_line    0x0000000000005893      0x555 .build/obj_kb_default/common/keyboard.o
 .debug_line    0x0000000000005de8     0x13dd .build/obj_kb_default/common/action.o
 .debug_line    0x00000000000071c5      0xcbd .build/obj_kb_default/common/action_tapping.o
 .debug_line    0x0000000000007e82      0x544 .build/obj_kb_default/common/action_macro.o
 .debug_line    0x00000000000083c6      0xb09 .build/obj_kb_default/common/action_layer.o
 .debug_line    0x0000000000008ecf      0xc17 .build/obj_kb_default/common/action_util.o
 .debug_line    0x0000000000009ae6       0x84 .build/obj_kb_default/common/debug.o
 .debug_line    0x0000000000009b6a      0x2aa .build/obj_kb_default/common/eeconfig.o
 .debug_line    0x0000000000009e14      0x48a .build/obj_kb_default/common/avr/suspend.o
 .debug_line    0x000000000000a29e      0x521 .build/obj_kb_default/common/avr/timer.o
 .debug_line    0x000000000000a7bf      0x39b .build/obj_kb_default/common/avr/bootloader.o
 .debug_line    0x000000000000ab5a      0x989 .build/obj_kb_default/common/bootmagic.o
 .debug_line    0x000000000000b4e3      0xef4 .build/obj_kb_default/common/mousekey.o
 .debug_line    0x000000000000c3d7      0x39f .build/obj_kb_default/common/backlight.o
 .debug_line    0x000000000000c776     0x1538 .build/obj_kb_default/lufa.o
 .debug_line    0x000000000000dcae      0x3a2 .build/obj_kb_default/descriptor.o
 .debug_line    0x000000000000e050      0x2aa .build/obj_kb_default/protocol/lufa/LUFA-git/LUFA/Drivers/USB/Core/AVR8/Device_AVR8.o
 .debug_line    0x000000000000e2fa     0x34ae .build/obj_kb_default/protocol/lufa/LUFA-git/LUFA/Drivers/USB/Core/AVR8/EndpointStream_AVR8.o
 .debug_line    0x00000000000117a8      0xa99 .build/obj_kb_default/protocol/lufa/LUFA-git/LUFA/Drivers/USB/Core/AVR8/Endpoint_AVR8.o
 .debug_line    0x0000000000012241      0x71f .build/obj_kb_default/protocol/lufa/LUFA-git/LUFA/Drivers/USB/Core/AVR8/USBController_AVR8.o
 .debug_line    0x0000000000012960      0xe03 .build/obj_kb_default/protocol/lufa/LUFA-git/LUFA/Drivers/USB/Core/AVR8/USBInterrupt_AVR8.o
 .debug_line    0x0000000000013763      0xdea .build/obj_kb_default/protocol/lufa/LUFA-git/LUFA/Drivers/USB/Core/DeviceStandardReq.o
 .debug_line    0x000000000001454d       0x79 .build/obj_kb_default/protocol/lufa/LUFA-git/LUFA/Drivers/USB/Core/Events.o
 .debug_line    0x00000000000145c6      0x2bc .build/obj_kb_default/protocol/lufa/LUFA-git/LUFA/Drivers/USB/Core/USBTask.o
 .debug_line    0x0000000000014882       0xcd /opt/homebrew/Cellar/avr-gcc@9/9.3.0_3/lib/avr-gcc/9/gcc/avr/9.3.0/avr5/libgcc.a(_udivmodhi4.o)
 .debug_line    0x000000000001494f       0xc7 /opt/homebrew/Cellar/avr-gcc@9/9.3.0_3/lib/avr-gcc/9/gcc/avr/9.3.0/avr5/libgcc.a(_divmodhi4.o)
 .debug_line    0x0000000000014a16       0x61 /opt/homebrew/Cellar/avr-gcc@9/9.3.0_3/lib/avr-gcc/9/gcc/avr/9.3.0/avr5/libgcc.a(_exit.o)
 .debug_line    0x0000000000014a77       0x79 /opt/homebrew/Cellar/avr-gcc@9/9.3.0_3/lib/avr-gcc/9/gcc/avr/9.3.0/avr5/libgcc.a(_tablejump2.o)
 .debug_line    0x0000000000014af0       0x97 /opt/homebrew/Cellar/avr-gcc@9/9.3.0_3/lib/avr-gcc/9/gcc/avr/9.3.0/avr5/libgcc.a(_copy_data.o)
 .debug_line    0x0000000000014b87       0x85 /opt/homebrew/Cellar/avr-gcc@9/9.3.0_3/lib/avr-gcc/9/gcc/avr/9.3.0/avr5/libgcc.a(_clear_bss.o)

.debug_frame    0x0000000000000000     0x1d40
 *(.debug_frame)
 .debug_frame   0x0000000000000000       0x64 .build/obj_kb_default/keyboards/kb/keymaps/default/keymap.o
 .debug_frame   0x0000000000000064      0x25c .build/obj_kb_default/quantum/quantum.o
 .debug_frame   0x00000000000002c0       0x64 .build/obj_kb_default/quantum/keymap_common.o
 .debug_frame   0x0000000000000324       0x24 .build/obj_kb_default/quantum/keycode_config.o
 .debug_frame   0x0000000000000348       0x54 .build/obj_kb_default/quantum/process_keycode/process_leader.o
 .debug_frame   0x000000000000039c      0x134 .build/obj_kb_default/quantum/matrix.o
 .debug_frame   0x00000000000004d0       0x64 .build/obj_kb_default/quantum/light_ws2812.o
 .debug_frame   0x0000000000000534      0x398 .build/obj_kb_default/quantum/rgblight.o
 .debug_frame   0x00000000000008cc       0xb4 .build/obj_kb_default/quantum/process_keycode/process_tap_dance.o
 .debug_frame   0x0000000000000980       0xa4 .build/obj_kb_default/common/host.o
 .debug_frame   0x0000000000000a24       0x84 .build/obj_kb_default/common/keyboard.o
 .debug_frame   0x0000000000000aa8      0x188 .build/obj_kb_default/common/action.o
 .debug_frame   0x0000000000000c30       0xdc .build/obj_kb_default/common/action_tapping.o
 .debug_frame   0x0000000000000d0c       0x44 .build/obj_kb_default/common/action_macro.o
 .debug_frame   0x0000000000000d50      0x1f0 .build/obj_kb_default/common/action_layer.o
 .debug_frame   0x0000000000000f40      0x240 .build/obj_kb_default/common/action_util.o
 .debug_frame   0x0000000000001180       0xd4 .build/obj_kb_default/common/eeconfig.o
 .debug_frame   0x0000000000001254       0x94 .build/obj_kb_default/common/avr/suspend.o
 .debug_frame   0x00000000000012e8       0xd4 .build/obj_kb_default/common/avr/timer.o
 .debug_frame   0x00000000000013bc       0x34 .build/obj_kb_default/common/avr/bootloader.o
 .debug_frame   0x00000000000013f0       0x7c .build/obj_kb_default/common/bootmagic.o
 .debug_frame   0x000000000000146c       0x9c .build/obj_kb_default/common/mousekey.o